Archive member included to satisfy reference by file (symbol)

c:/program files (x86)/atmel/studio/7.0/toolchain/arm/arm-gnu-toolchain/bin/../lib/gcc/arm-none-eabi/6.3.1/thumb/v6-m\libgcc.a(_udivsi3.o)
                              src/ASF/sam0/drivers/sercom/i2c/i2c_sam0/i2c_master.o (__aeabi_uidiv)
c:/program files (x86)/atmel/studio/7.0/toolchain/arm/arm-gnu-toolchain/bin/../lib/gcc/arm-none-eabi/6.3.1/thumb/v6-m\libgcc.a(_dvmd_tls.o)
                              c:/program files (x86)/atmel/studio/7.0/toolchain/arm/arm-gnu-toolchain/bin/../lib/gcc/arm-none-eabi/6.3.1/thumb/v6-m\libgcc.a(_udivsi3.o) (__aeabi_idiv0)
c:/program files (x86)/atmel/studio/7.0/toolchain/arm/arm-gnu-toolchain/bin/../lib/gcc/arm-none-eabi/6.3.1/thumb/v6-m\libgcc.a(_muldi3.o)
                              src/ASF/sam0/drivers/sercom/sercom.o (__aeabi_lmul)
c:/program files (x86)/atmel/studio/7.0/toolchain/arm/arm-gnu-toolchain/bin/../lib/gcc/arm-none-eabi/6.3.1/thumb/v6-m\libgcc.a(adddf3.o)
                              src/ASF/sam0/drivers/sercom/i2c/i2c_sam0/i2c_master.o (__aeabi_dadd)
c:/program files (x86)/atmel/studio/7.0/toolchain/arm/arm-gnu-toolchain/bin/../lib/gcc/arm-none-eabi/6.3.1/thumb/v6-m\libgcc.a(divdf3.o)
                              src/ASF/sam0/drivers/sercom/i2c/i2c_sam0/i2c_master.o (__aeabi_ddiv)
c:/program files (x86)/atmel/studio/7.0/toolchain/arm/arm-gnu-toolchain/bin/../lib/gcc/arm-none-eabi/6.3.1/thumb/v6-m\libgcc.a(muldf3.o)
                              src/ASF/sam0/drivers/sercom/i2c/i2c_sam0/i2c_master.o (__aeabi_dmul)
c:/program files (x86)/atmel/studio/7.0/toolchain/arm/arm-gnu-toolchain/bin/../lib/gcc/arm-none-eabi/6.3.1/thumb/v6-m\libgcc.a(subdf3.o)
                              src/ASF/sam0/drivers/sercom/i2c/i2c_sam0/i2c_master.o (__aeabi_dsub)
c:/program files (x86)/atmel/studio/7.0/toolchain/arm/arm-gnu-toolchain/bin/../lib/gcc/arm-none-eabi/6.3.1/thumb/v6-m\libgcc.a(fixdfsi.o)
                              src/ASF/sam0/drivers/sercom/i2c/i2c_sam0/i2c_master.o (__aeabi_d2iz)
c:/program files (x86)/atmel/studio/7.0/toolchain/arm/arm-gnu-toolchain/bin/../lib/gcc/arm-none-eabi/6.3.1/thumb/v6-m\libgcc.a(floatunsidf.o)
                              src/ASF/sam0/drivers/sercom/i2c/i2c_sam0/i2c_master.o (__aeabi_ui2d)
c:/program files (x86)/atmel/studio/7.0/toolchain/arm/arm-gnu-toolchain/bin/../lib/gcc/arm-none-eabi/6.3.1/thumb/v6-m\libgcc.a(_clzsi2.o)
                              c:/program files (x86)/atmel/studio/7.0/toolchain/arm/arm-gnu-toolchain/bin/../lib/gcc/arm-none-eabi/6.3.1/thumb/v6-m\libgcc.a(adddf3.o) (__clzsi2)
c:/program files (x86)/atmel/studio/7.0/toolchain/arm/arm-gnu-toolchain/bin/../lib/gcc/arm-none-eabi/6.3.1/../../../../arm-none-eabi/lib/thumb/v6-m\libc_nano.a(lib_a-exit.o)
                              c:/program files (x86)/atmel/studio/7.0/toolchain/arm/arm-gnu-toolchain/bin/../lib/gcc/arm-none-eabi/6.3.1/../../../../arm-none-eabi/lib/thumb/v6-m/crt0.o (exit)
c:/program files (x86)/atmel/studio/7.0/toolchain/arm/arm-gnu-toolchain/bin/../lib/gcc/arm-none-eabi/6.3.1/../../../../arm-none-eabi/lib/thumb/v6-m\libc_nano.a(lib_a-impure.o)
                              c:/program files (x86)/atmel/studio/7.0/toolchain/arm/arm-gnu-toolchain/bin/../lib/gcc/arm-none-eabi/6.3.1/../../../../arm-none-eabi/lib/thumb/v6-m\libc_nano.a(lib_a-exit.o) (_global_impure_ptr)
c:/program files (x86)/atmel/studio/7.0/toolchain/arm/arm-gnu-toolchain/bin/../lib/gcc/arm-none-eabi/6.3.1/../../../../arm-none-eabi/lib/thumb/v6-m\libc_nano.a(lib_a-init.o)
                              c:/program files (x86)/atmel/studio/7.0/toolchain/arm/arm-gnu-toolchain/bin/../lib/gcc/arm-none-eabi/6.3.1/../../../../arm-none-eabi/lib/thumb/v6-m/crt0.o (__libc_init_array)
c:/program files (x86)/atmel/studio/7.0/toolchain/arm/arm-gnu-toolchain/bin/../lib/gcc/arm-none-eabi/6.3.1/../../../../arm-none-eabi/lib/thumb/v6-m\libc_nano.a(lib_a-memset.o)
                              c:/program files (x86)/atmel/studio/7.0/toolchain/arm/arm-gnu-toolchain/bin/../lib/gcc/arm-none-eabi/6.3.1/../../../../arm-none-eabi/lib/thumb/v6-m/crt0.o (memset)

Allocating common symbols
Common symbol       size              file

_rtc_instance       0x4               src/ASF/sam0/drivers/rtc/rtc_sam_d_r_h/rtc_count.o
_extint_dev         0x40              src/ASF/sam0/drivers/extint/extint_sam_d_r_h/extint.o
_current_channel    0x1               src/ASF/sam0/drivers/extint/extint_callback.o
i2c_master_instance
                    0xc               src/main.o
read_buffer_master  0xa               src/main.o
read_buffer_slave   0xa               src/main.o
i2c_slave_instance  0xc               src/main.o

Discarded input sections

 .text          0x00000000        0x0 c:/program files (x86)/atmel/studio/7.0/toolchain/arm/arm-gnu-toolchain/bin/../lib/gcc/arm-none-eabi/6.3.1/thumb/v6-m/crti.o
[...]
Memory Configuration

Name             Origin             Length             Attributes
rom              0x00000000         0x00040000         xr
ram              0x20000000         0x00008000         xrw
*default*        0x00000000         0xffffffff

Linker script and memory map

LOAD c:/program files (x86)/atmel/studio/7.0/toolchain/arm/arm-gnu-toolchain/bin/../lib/gcc/arm-none-eabi/6.3.1/thumb/v6-m/crti.o
LOAD c:/program files (x86)/atmel/studio/7.0/toolchain/arm/arm-gnu-toolchain/bin/../lib/gcc/arm-none-eabi/6.3.1/thumb/v6-m/crtbegin.o
LOAD c:/program files (x86)/atmel/studio/7.0/toolchain/arm/arm-gnu-toolchain/bin/../lib/gcc/arm-none-eabi/6.3.1/../../../../arm-none-eabi/lib/thumb/v6-m/crt0.o
LOAD Device_Startup/startup_samr21.o
LOAD Device_Startup/system_samr21.o
LOAD src/Master.o
LOAD src/Slave.o
LOAD src/ASF/sam0/drivers/extint/extint_callback.o
LOAD src/ASF/sam0/drivers/extint/extint_sam_d_r_h/extint.o
LOAD src/ASF/sam0/drivers/rtc/rtc_sam_d_r_h/rtc_count.o
LOAD src/ASF/sam0/drivers/sercom/i2c/i2c_sam0/i2c_master.o
LOAD src/ASF/sam0/drivers/sercom/i2c/i2c_sam0/i2c_slave.o
LOAD src/ASF/sam0/drivers/sercom/sercom.o
LOAD src/ASF/common2/services/delay/sam0/systick_counter.o
LOAD src/ASF/common/utils/interrupt/interrupt_sam_nvic.o
LOAD src/ASF/sam0/boards/samr21_xplained_pro/board_init.o
LOAD src/ASF/sam0/drivers/port/port.o
LOAD src/ASF/sam0/drivers/system/clock/clock_samd21_r21_da_ha1/clock.o
LOAD src/ASF/sam0/drivers/system/clock/clock_samd21_r21_da_ha1/gclk.o
LOAD src/ASF/sam0/drivers/system/interrupt/system_interrupt.o
LOAD src/ASF/sam0/drivers/system/pinmux/pinmux.o
LOAD src/ASF/sam0/drivers/system/system.o
LOAD src/ASF/sam0/utils/syscalls/gcc/syscalls.o
LOAD src/I2C.o
LOAD src/interrupt.o
LOAD src/LED.o
LOAD src/main.o
START GROUP
LOAD ../src/ASF/thirdparty/CMSIS/Lib/GCC\libarm_cortexM0l_math.a
LOAD c:/program files (x86)/atmel/studio/7.0/toolchain/arm/arm-gnu-toolchain/bin/../lib/gcc/arm-none-eabi/6.3.1/../../../../arm-none-eabi/lib/thumb/v6-m\libm.a
END GROUP
START GROUP
LOAD c:/program files (x86)/atmel/studio/7.0/toolchain/arm/arm-gnu-toolchain/bin/../lib/gcc/arm-none-eabi/6.3.1/thumb/v6-m\libgcc.a
LOAD c:/program files (x86)/atmel/studio/7.0/toolchain/arm/arm-gnu-toolchain/bin/../lib/gcc/arm-none-eabi/6.3.1/../../../../arm-none-eabi/lib/thumb/v6-m\libc_nano.a
END GROUP
START GROUP
LOAD c:/program files (x86)/atmel/studio/7.0/toolchain/arm/arm-gnu-toolchain/bin/../lib/gcc/arm-none-eabi/6.3.1/thumb/v6-m\libgcc.a
LOAD c:/program files (x86)/atmel/studio/7.0/toolchain/arm/arm-gnu-toolchain/bin/../lib/gcc/arm-none-eabi/6.3.1/../../../../arm-none-eabi/lib/thumb/v6-m\libc_nano.a
END GROUP
LOAD c:/program files (x86)/atmel/studio/7.0/toolchain/arm/arm-gnu-toolchain/bin/../lib/gcc/arm-none-eabi/6.3.1/thumb/v6-m/crtend.o
LOAD c:/program files (x86)/atmel/studio/7.0/toolchain/arm/arm-gnu-toolchain/bin/../lib/gcc/arm-none-eabi/6.3.1/thumb/v6-m/crtn.o
                0x00002000                STACK_SIZE = DEFINED (STACK_SIZE)?STACK_SIZE:DEFINED (__stack_size__)?__stack_size__:0x2000

.text           0x00000000     0x30d4
                0x00000000                . = ALIGN (0x4)
                0x00000000                _sfixed = .
 *(.vectors .vectors.*)
 .vectors       0x00000000       0xb4 Device_Startup/startup_samr21.o
                0x00000000                exception_table
 *(.text .text.* .gnu.linkonce.t.*)
 .text          0x000000b4       0x60 c:/program files (x86)/atmel/studio/7.0/toolchain/arm/arm-gnu-toolchain/bin/../lib/gcc/arm-none-eabi/6.3.1/thumb/v6-m/crtbegin.o
 .text.Dummy_Handler
                0x00000114        0x2 Device_Startup/startup_samr21.o
                0x00000114                DMAC_Handler
                0x00000114                HardFault_Handler
                0x00000114                AC_Handler
                0x00000114                SysTick_Handler
                0x00000114                PendSV_Handler
                0x00000114                NMI_Handler
                0x00000114                TC7_Handler
                0x00000114                SERCOM1_Handler
                0x00000114                ADC_Handler
                0x00000114                TCC1_Handler
                0x00000114                SERCOM2_Handler
                0x00000114                TCC0_Handler
                0x00000114                RTC_Handler
                0x00000114                TC6_Handler
                0x00000114                WDT_Handler
                0x00000114                TC4_Handler
                0x00000114                USB_Handler
                0x00000114                TC3_Handler
                0x00000114                Dummy_Handler
                0x00000114                PM_Handler
                0x00000114                SERCOM5_Handler
                0x00000114                SVC_Handler
                0x00000114                TCC2_Handler
                0x00000114                EVSYS_Handler
                0x00000114                SERCOM3_Handler
                0x00000114                SERCOM4_Handler
                0x00000114                NVMCTRL_Handler
                0x00000114                SERCOM0_Handler
                0x00000114                DAC_Handler
                0x00000114                PTC_Handler
                0x00000114                TC5_Handler
                0x00000114                SYSCTRL_Handler
 *fill*         0x00000116        0x2 
 .text.Reset_Handler
                0x00000118       0xe4 Device_Startup/startup_samr21.o
                0x00000118                Reset_Handler
 .text._i2c_slave_wait_for_sync
                0x000001fc        0xc src/Master.o
 .text.master_election
                0x00000208       0x70 src/Master.o
                0x00000208                master_election
 .text.send_master
                0x00000278       0x30 src/Master.o
                0x00000278                send_master
 .text.extint_register_callback
                0x000002a8       0x2c src/ASF/sam0/drivers/extint/extint_callback.o
                0x000002a8                extint_register_callback
 .text.extint_chan_enable_callback
                0x000002d4       0x20 src/ASF/sam0/drivers/extint/extint_callback.o
                0x000002d4                extint_chan_enable_callback
 .text.EIC_Handler
                0x000002f4       0x54 src/ASF/sam0/drivers/extint/extint_callback.o
                0x000002f4                EIC_Handler
 .text._extint_enable
                0x00000348       0x18 src/ASF/sam0/drivers/extint/extint_sam_d_r_h/extint.o
 .text._system_extint_init
                0x00000360       0x6c src/ASF/sam0/drivers/extint/extint_sam_d_r_h/extint.o
                0x00000360                _system_extint_init
 .text.extint_chan_get_config_defaults
                0x000003cc       0x14 src/ASF/sam0/drivers/extint/extint_sam_d_r_h/extint.o
                0x000003cc                extint_chan_get_config_defaults
 .text.extint_chan_set_config
                0x000003e0       0x78 src/ASF/sam0/drivers/extint/extint_sam_d_r_h/extint.o
                0x000003e0                extint_chan_set_config
 .text._i2c_master_wait_for_sync
                0x00000458        0xc src/ASF/sam0/drivers/sercom/i2c/i2c_sam0/i2c_master.o
 .text.i2c_master_init
                0x00000464      0x2c8 src/ASF/sam0/drivers/sercom/i2c/i2c_sam0/i2c_master.o
                0x00000464                i2c_master_init
 .text._i2c_master_address_response
                0x0000072c       0x30 src/ASF/sam0/drivers/sercom/i2c/i2c_sam0/i2c_master.o
                0x0000072c                _i2c_master_address_response
 .text._i2c_master_wait_for_bus
                0x0000075c       0x2c src/ASF/sam0/drivers/sercom/i2c/i2c_sam0/i2c_master.o
                0x0000075c                _i2c_master_wait_for_bus
 .text._i2c_master_send_hs_master_code
                0x00000788       0x20 src/ASF/sam0/drivers/sercom/i2c/i2c_sam0/i2c_master.o
                0x00000788                _i2c_master_send_hs_master_code
 .text._i2c_master_write_packet
                0x000007a8       0xf4 src/ASF/sam0/drivers/sercom/i2c/i2c_sam0/i2c_master.o
 .text.i2c_master_write_packet_wait
                0x0000089c       0x14 src/ASF/sam0/drivers/sercom/i2c/i2c_sam0/i2c_master.o
                0x0000089c                i2c_master_write_packet_wait
 .text._i2c_slave_wait_for_bus
                0x000008b0       0x38 src/ASF/sam0/drivers/sercom/i2c/i2c_sam0/i2c_slave.o
 .text.i2c_slave_init
                0x000008e8      0x150 src/ASF/sam0/drivers/sercom/i2c/i2c_sam0/i2c_slave.o
                0x000008e8                i2c_slave_init
 .text.i2c_slave_get_direction_wait
                0x00000a38       0x24 src/ASF/sam0/drivers/sercom/i2c/i2c_sam0/i2c_slave.o
                0x00000a38                i2c_slave_get_direction_wait
 .text.sercom_set_gclk_generator
                0x00000a5c       0x4c src/ASF/sam0/drivers/sercom/sercom.o
                0x00000a5c                sercom_set_gclk_generator
 .text._sercom_get_default_pad
                0x00000aa8      0x178 src/ASF/sam0/drivers/sercom/sercom.o
                0x00000aa8                _sercom_get_default_pad
 .text._sercom_get_sercom_inst_index
                0x00000c20       0x38 src/ASF/sam0/drivers/sercom/sercom.o
                0x00000c20                _sercom_get_sercom_inst_index
 .text.delay_init
                0x00000c58       0x40 src/ASF/common2/services/delay/sam0/systick_counter.o
                0x00000c58                delay_init
 .text.delay_cycles_us
                0x00000c98       0x2c src/ASF/common2/services/delay/sam0/systick_counter.o
                0x00000c98                delay_cycles_us
 .text.delay_cycles_ms
                0x00000cc4       0x2c src/ASF/common2/services/delay/sam0/systick_counter.o
                0x00000cc4                delay_cycles_ms
 .text.cpu_irq_enter_critical
                0x00000cf0       0x40 src/ASF/common/utils/interrupt/interrupt_sam_nvic.o
                0x00000cf0                cpu_irq_enter_critical
 .text.cpu_irq_leave_critical
                0x00000d30       0x30 src/ASF/common/utils/interrupt/interrupt_sam_nvic.o
                0x00000d30                cpu_irq_leave_critical
 .text.system_board_init
                0x00000d60       0x38 src/ASF/sam0/boards/samr21_xplained_pro/board_init.o
                0x00000d60                board_init
                0x00000d60                system_board_init
 .text.port_pin_set_config
                0x00000d98       0x24 src/ASF/sam0/drivers/port/port.o
                0x00000d98                port_pin_set_config
 .text.system_clock_source_get_hz
                0x00000dbc       0x94 src/ASF/sam0/drivers/system/clock/clock_samd21_r21_da_ha1/clock.o
                0x00000dbc                system_clock_source_get_hz
 .text.system_clock_source_osc8m_set_config
                0x00000e50       0x3c src/ASF/sam0/drivers/system/clock/clock_samd21_r21_da_ha1/clock.o
                0x00000e50                system_clock_source_osc8m_set_config
 .text.system_clock_source_enable
                0x00000e8c       0xa8 src/ASF/sam0/drivers/system/clock/clock_samd21_r21_da_ha1/clock.o
                0x00000e8c                system_clock_source_enable
 .text.system_clock_init
                0x00000f34       0x98 src/ASF/sam0/drivers/system/clock/clock_samd21_r21_da_ha1/clock.o
                0x00000f34                system_clock_init
 .text.system_gclk_init
                0x00000fcc       0x24 src/ASF/sam0/drivers/system/clock/clock_samd21_r21_da_ha1/gclk.o
                0x00000fcc                system_gclk_init
 .text.system_gclk_gen_set_config
                0x00000ff0       0xb8 src/ASF/sam0/drivers/system/clock/clock_samd21_r21_da_ha1/gclk.o
                0x00000ff0                system_gclk_gen_set_config
 .text.system_gclk_gen_enable
                0x000010a8       0x44 src/ASF/sam0/drivers/system/clock/clock_samd21_r21_da_ha1/gclk.o
                0x000010a8                system_gclk_gen_enable
 .text.system_gclk_gen_get_hz
                0x000010ec       0x8c src/ASF/sam0/drivers/system/clock/clock_samd21_r21_da_ha1/gclk.o
                0x000010ec                system_gclk_gen_get_hz
 .text.system_gclk_chan_enable
                0x00001178       0x30 src/ASF/sam0/drivers/system/clock/clock_samd21_r21_da_ha1/gclk.o
                0x00001178                system_gclk_chan_enable
 .text.system_gclk_chan_disable
                0x000011a8       0x5c src/ASF/sam0/drivers/system/clock/clock_samd21_r21_da_ha1/gclk.o
                0x000011a8                system_gclk_chan_disable
 .text.system_gclk_chan_set_config
                0x00001204       0x1c src/ASF/sam0/drivers/system/clock/clock_samd21_r21_da_ha1/gclk.o
                0x00001204                system_gclk_chan_set_config
 .text.system_gclk_chan_get_hz
                0x00001220       0x34 src/ASF/sam0/drivers/system/clock/clock_samd21_r21_da_ha1/gclk.o
                0x00001220                system_gclk_chan_get_hz
 .text._system_pinmux_config
                0x00001254       0xa8 src/ASF/sam0/drivers/system/pinmux/pinmux.o
 .text.system_pinmux_pin_set_config
                0x000012fc       0x30 src/ASF/sam0/drivers/system/pinmux/pinmux.o
                0x000012fc                system_pinmux_pin_set_config
 .text._system_dummy_init
                0x0000132c        0x2 src/ASF/sam0/drivers/system/system.o
                0x0000132c                _system_events_init
                0x0000132c                _system_dummy_init
                0x0000132c                _system_divas_init
 *fill*         0x0000132e        0x2 
 .text.system_init
                0x00001330       0x2c src/ASF/sam0/drivers/system/system.o
                0x00001330                system_init
 .text.configure_i2c_master
                0x0000135c       0x94 src/I2C.o
                0x0000135c                configure_i2c_master
 .text.configure_i2c_slave
                0x000013f0       0x78 src/I2C.o
                0x000013f0                configure_i2c_slave
 .text.irq_handler
                0x00001468       0x1c src/interrupt.o
                0x00001468                irq_handler
 .text.init_irq_interrupt
                0x00001484       0x50 src/interrupt.o
                0x00001484                init_irq_interrupt
 .text.init_irq_pin
                0x000014d4       0x28 src/interrupt.o
                0x000014d4                init_irq_pin
 .text.send_interrupt
                0x000014fc       0x1c src/interrupt.o
                0x000014fc                send_interrupt
 .text.config_led
                0x00001518       0x2c src/LED.o
                0x00001518                config_led
 .text.main     0x00001544       0x68 src/main.o
                0x00001544                main
 .text          0x000015ac      0x114 c:/program files (x86)/atmel/studio/7.0/toolchain/arm/arm-gnu-toolchain/bin/../lib/gcc/arm-none-eabi/6.3.1/thumb/v6-m\libgcc.a(_udivsi3.o)
                0x000015ac                __aeabi_uidiv
                0x000015ac                __udivsi3
                0x000016b8                __aeabi_uidivmod
 .text          0x000016c0        0x4 c:/program files (x86)/atmel/studio/7.0/toolchain/arm/arm-gnu-toolchain/bin/../lib/gcc/arm-none-eabi/6.3.1/thumb/v6-m\libgcc.a(_dvmd_tls.o)
                0x000016c0                __aeabi_idiv0
                0x000016c0                __aeabi_ldiv0
 .text          0x000016c4      0x620 c:/program files (x86)/atmel/studio/7.0/toolchain/arm/arm-gnu-toolchain/bin/../lib/gcc/arm-none-eabi/6.3.1/thumb/v6-m\libgcc.a(adddf3.o)
                0x000016c4                __aeabi_dadd
 .text          0x00001ce4      0x668 c:/program files (x86)/atmel/studio/7.0/toolchain/arm/arm-gnu-toolchain/bin/../lib/gcc/arm-none-eabi/6.3.1/thumb/v6-m\libgcc.a(divdf3.o)
                0x00001ce4                __aeabi_ddiv
 .text          0x0000234c      0x500 c:/program files (x86)/atmel/studio/7.0/toolchain/arm/arm-gnu-toolchain/bin/../lib/gcc/arm-none-eabi/6.3.1/thumb/v6-m\libgcc.a(muldf3.o)
                0x0000234c                __aeabi_dmul
 .text          0x0000284c      0x62c c:/program files (x86)/atmel/studio/7.0/toolchain/arm/arm-gnu-toolchain/bin/../lib/gcc/arm-none-eabi/6.3.1/thumb/v6-m\libgcc.a(subdf3.o)
                0x0000284c                __aeabi_dsub
 .text          0x00002e78       0x68 c:/program files (x86)/atmel/studio/7.0/toolchain/arm/arm-gnu-toolchain/bin/../lib/gcc/arm-none-eabi/6.3.1/thumb/v6-m\libgcc.a(fixdfsi.o)
                0x00002e78                __aeabi_d2iz
 .text          0x00002ee0       0x70 c:/program files (x86)/atmel/studio/7.0/toolchain/arm/arm-gnu-toolchain/bin/../lib/gcc/arm-none-eabi/6.3.1/thumb/v6-m\libgcc.a(floatunsidf.o)
                0x00002ee0                __aeabi_ui2d
 .text          0x00002f50       0x3c c:/program files (x86)/atmel/studio/7.0/toolchain/arm/arm-gnu-toolchain/bin/../lib/gcc/arm-none-eabi/6.3.1/thumb/v6-m\libgcc.a(_clzsi2.o)
                0x00002f50                __clzsi2
 .text.__libc_init_array
                0x00002f8c       0x48 c:/program files (x86)/atmel/studio/7.0/toolchain/arm/arm-gnu-toolchain/bin/../lib/gcc/arm-none-eabi/6.3.1/../../../../arm-none-eabi/lib/thumb/v6-m\libc_nano.a(lib_a-init.o)
                0x00002f8c                __libc_init_array
 *(.glue_7t)
 .glue_7t       0x00002fd4        0x0 linker stubs
 *(.glue_7)
 .glue_7        0x00002fd4        0x0 linker stubs
 *(.rodata .rodata* .gnu.linkonce.r.*)
 .rodata        0x00002fd4       0x18 src/ASF/sam0/drivers/sercom/sercom.o
 .rodata.system_clock_source_get_hz
                0x00002fec       0x24 src/ASF/sam0/drivers/system/clock/clock_samd21_r21_da_ha1/clock.o
 .rodata.system_clock_source_enable
                0x00003010       0x24 src/ASF/sam0/drivers/system/clock/clock_samd21_r21_da_ha1/clock.o
 .rodata        0x00003034       0x40 c:/program files (x86)/atmel/studio/7.0/toolchain/arm/arm-gnu-toolchain/bin/../lib/gcc/arm-none-eabi/6.3.1/thumb/v6-m\libgcc.a(divdf3.o)
 .rodata        0x00003074       0x40 c:/program files (x86)/atmel/studio/7.0/toolchain/arm/arm-gnu-toolchain/bin/../lib/gcc/arm-none-eabi/6.3.1/thumb/v6-m\libgcc.a(muldf3.o)
 *(.ARM.extab* .gnu.linkonce.armextab.*)
                0x000030b4                . = ALIGN (0x4)
 *(.init)
 .init          0x000030b4        0x4 c:/program files (x86)/atmel/studio/7.0/toolchain/arm/arm-gnu-toolchain/bin/../lib/gcc/arm-none-eabi/6.3.1/thumb/v6-m/crti.o
                0x000030b4                _init
 .init          0x000030b8        0x8 c:/program files (x86)/atmel/studio/7.0/toolchain/arm/arm-gnu-toolchain/bin/../lib/gcc/arm-none-eabi/6.3.1/thumb/v6-m/crtn.o
                0x000030c0                . = ALIGN (0x4)
                0x000030c0                __preinit_array_start = .
 *(.preinit_array)
                0x000030c0                __preinit_array_end = .
                0x000030c0                . = ALIGN (0x4)
                0x000030c0                __init_array_start = .
 *(SORT(.init_array.*))
 *(.init_array)
 .init_array    0x000030c0        0x4 c:/program files (x86)/atmel/studio/7.0/toolchain/arm/arm-gnu-toolchain/bin/../lib/gcc/arm-none-eabi/6.3.1/thumb/v6-m/crtbegin.o
                0x000030c4                __init_array_end = .
                0x000030c4                . = ALIGN (0x4)
 *crtbegin.o(.ctors)
 *(EXCLUDE_FILE(*crtend.o) .ctors)
 *(SORT(.ctors.*))
 *crtend.o(.ctors)
                0x000030c4                . = ALIGN (0x4)
 *(.fini)
 .fini          0x000030c4        0x4 c:/program files (x86)/atmel/studio/7.0/toolchain/arm/arm-gnu-toolchain/bin/../lib/gcc/arm-none-eabi/6.3.1/thumb/v6-m/crti.o
                0x000030c4                _fini
 .fini          0x000030c8        0x8 c:/program files (x86)/atmel/studio/7.0/toolchain/arm/arm-gnu-toolchain/bin/../lib/gcc/arm-none-eabi/6.3.1/thumb/v6-m/crtn.o
                0x000030d0                . = ALIGN (0x4)
                0x000030d0                __fini_array_start = .
 *(.fini_array)
 .fini_array    0x000030d0        0x4 c:/program files (x86)/atmel/studio/7.0/toolchain/arm/arm-gnu-toolchain/bin/../lib/gcc/arm-none-eabi/6.3.1/thumb/v6-m/crtbegin.o
 *(SORT(.fini_array.*))
                0x000030d4                __fini_array_end = .
 *crtbegin.o(.dtors)
 *(EXCLUDE_FILE(*crtend.o) .dtors)
 *(SORT(.dtors.*))
 *crtend.o(.dtors)
                0x000030d4                . = ALIGN (0x4)
                0x000030d4                _efixed = .
                [!provide]                PROVIDE (__exidx_start, .)

.vfp11_veneer   0x000030d4        0x0
 .vfp11_veneer  0x000030d4        0x0 linker stubs

.v4_bx          0x000030d4        0x0
 .v4_bx         0x000030d4        0x0 linker stubs

.iplt           0x000030d4        0x0
 .iplt          0x000030d4        0x0 c:/program files (x86)/atmel/studio/7.0/toolchain/arm/arm-gnu-toolchain/bin/../lib/gcc/arm-none-eabi/6.3.1/thumb/v6-m/crtbegin.o

.eh_frame       0x000030d4        0x0
 .eh_frame      0x000030d4        0x0 c:/program files (x86)/atmel/studio/7.0/toolchain/arm/arm-gnu-toolchain/bin/../lib/gcc/arm-none-eabi/6.3.1/thumb/v6-m/crtbegin.o

.rel.dyn        0x000030d4        0x0
 .rel.iplt      0x000030d4        0x0 c:/program files (x86)/atmel/studio/7.0/toolchain/arm/arm-gnu-toolchain/bin/../lib/gcc/arm-none-eabi/6.3.1/thumb/v6-m/crtbegin.o

.jcr            0x000030d4        0x0
 .jcr           0x000030d4        0x0 c:/program files (x86)/atmel/studio/7.0/toolchain/arm/arm-gnu-toolchain/bin/../lib/gcc/arm-none-eabi/6.3.1/thumb/v6-m/crtbegin.o

.igot.plt       0x000030d4        0x0
 .igot.plt      0x000030d4        0x0 c:/program files (x86)/atmel/studio/7.0/toolchain/arm/arm-gnu-toolchain/bin/../lib/gcc/arm-none-eabi/6.3.1/thumb/v6-m/crtbegin.o

.ARM.exidx
 *(.ARM.exidx* .gnu.linkonce.armexidx.*)
                [!provide]                PROVIDE (__exidx_end, .)
                0x000030d4                . = ALIGN (0x4)
                0x000030d4                _etext = .

.relocate       0x20000000       0x24 load address 0x000030d4
                0x20000000                . = ALIGN (0x4)
                0x20000000                _srelocate = .
 *(.ramfunc .ramfunc.*)
 *(.data .data.*)
 .data.cycles_per_ms
                0x20000000        0x4 src/ASF/common2/services/delay/sam0/systick_counter.o
 .data.cycles_per_us
                0x20000004        0x4 src/ASF/common2/services/delay/sam0/systick_counter.o
 .data.g_interrupt_enabled
                0x20000008        0x1 src/ASF/common/utils/interrupt/interrupt_sam_nvic.o
                0x20000008                g_interrupt_enabled
 *fill*         0x20000009        0x3 
 .data.packet_master
                0x2000000c        0xc src/main.o
                0x2000000c                packet_master
 .data.write_buffer_master
                0x20000018        0xa src/main.o
                0x20000018                write_buffer_master
                0x20000024                . = ALIGN (0x4)
 *fill*         0x20000022        0x2 
                0x20000024                _erelocate = .

.bss            0x20000024       0xb4 load address 0x000030f8
                0x20000024                . = ALIGN (0x4)
                0x20000024                _sbss = .
                0x20000024                _szero = .
 *(.bss .bss.*)
 .bss           0x20000024       0x1c c:/program files (x86)/atmel/studio/7.0/toolchain/arm/arm-gnu-toolchain/bin/../lib/gcc/arm-none-eabi/6.3.1/thumb/v6-m/crtbegin.o
 .bss._sercom_config
                0x20000040        0x2 src/ASF/sam0/drivers/sercom/sercom.o
 *fill*         0x20000042        0x2 
 .bss.cpu_irq_critical_section_counter
                0x20000044        0x4 src/ASF/common/utils/interrupt/interrupt_sam_nvic.o
 .bss.cpu_irq_prev_interrupt_state
                0x20000048        0x1 src/ASF/common/utils/interrupt/interrupt_sam_nvic.o
 *fill*         0x20000049        0x3 
 .bss._system_clock_inst
                0x2000004c       0x18 src/ASF/sam0/drivers/system/clock/clock_samd21_r21_da_ha1/clock.o
 *(COMMON)
 COMMON         0x20000064        0x1 src/ASF/sam0/drivers/extint/extint_callback.o
                0x20000064                _current_channel
 *fill*         0x20000065        0x3 
 COMMON         0x20000068       0x40 src/ASF/sam0/drivers/extint/extint_sam_d_r_h/extint.o
                0x20000068                _extint_dev
 COMMON         0x200000a8       0x30 src/main.o
                0x200000a8                i2c_master_instance
                0x200000b4                read_buffer_master
                0x200000c0                read_buffer_slave
                0x200000cc                i2c_slave_instance
                0x200000d8                . = ALIGN (0x4)
                0x200000d8                _ebss = .
                0x200000d8                _ezero = .

.stack          0x200000d8     0x2000 load address 0x000031ac
                0x200000d8                . = ALIGN (0x8)
                0x200000d8                _sstack = .
                0x200020d8                . = (. + STACK_SIZE)
 *fill*         0x200000d8     0x2000 
                0x200020d8                . = ALIGN (0x8)
                0x200020d8                _estack = .
                0x200020d8                . = ALIGN (0x4)
                0x200020d8                _end = .
OUTPUT(Tandem.elf elf32-littlearm)

.ARM.attributes
                0x00000000       0x28
 .ARM.attributes
                0x00000000       0x1e c:/program files (x86)/atmel/studio/7.0/toolchain/arm/arm-gnu-toolchain/bin/../lib/gcc/arm-none-eabi/6.3.1/thumb/v6-m/crti.o
 .ARM.attributes
                0x0000001e       0x2c c:/program files (x86)/atmel/studio/7.0/toolchain/arm/arm-gnu-toolchain/bin/../lib/gcc/arm-none-eabi/6.3.1/thumb/v6-m/crtbegin.o
 .ARM.attributes
                0x0000004a       0x32 Device_Startup/startup_samr21.o
 .ARM.attributes
                0x0000007c       0x32 src/Master.o
 .ARM.attributes
                0x000000ae       0x32 src/ASF/sam0/drivers/extint/extint_callback.o
 .ARM.attributes
                0x000000e0       0x32 src/ASF/sam0/drivers/extint/extint_sam_d_r_h/extint.o
 .ARM.attributes
                0x00000112       0x32 src/ASF/sam0/drivers/sercom/i2c/i2c_sam0/i2c_master.o
 .ARM.attributes
                0x00000144       0x32 src/ASF/sam0/drivers/sercom/i2c/i2c_sam0/i2c_slave.o
 .ARM.attributes
                0x00000176       0x32 src/ASF/sam0/drivers/sercom/sercom.o
 .ARM.attributes
                0x000001a8       0x32 src/ASF/common2/services/delay/sam0/systick_counter.o
 .ARM.attributes
                0x000001da       0x32 src/ASF/common/utils/interrupt/interrupt_sam_nvic.o
 .ARM.attributes
                0x0000020c       0x32 src/ASF/sam0/boards/samr21_xplained_pro/board_init.o
 .ARM.attributes
                0x0000023e       0x32 src/ASF/sam0/drivers/port/port.o
 .ARM.attributes
                0x00000270       0x32 src/ASF/sam0/drivers/system/clock/clock_samd21_r21_da_ha1/clock.o
 .ARM.attributes
                0x000002a2       0x32 src/ASF/sam0/drivers/system/clock/clock_samd21_r21_da_ha1/gclk.o
 .ARM.attributes
                0x000002d4       0x32 src/ASF/sam0/drivers/system/pinmux/pinmux.o
 .ARM.attributes
                0x00000306       0x32 src/ASF/sam0/drivers/system/system.o
 .ARM.attributes
                0x00000338       0x32 src/I2C.o
 .ARM.attributes
                0x0000036a       0x32 src/interrupt.o
 .ARM.attributes
                0x0000039c       0x32 src/LED.o
 .ARM.attributes
                0x000003ce       0x32 src/main.o
 .ARM.attributes
                0x00000400       0x1e c:/program files (x86)/atmel/studio/7.0/toolchain/arm/arm-gnu-toolchain/bin/../lib/gcc/arm-none-eabi/6.3.1/thumb/v6-m\libgcc.a(_udivsi3.o)
 .ARM.attributes
                0x0000041e       0x1e c:/program files (x86)/atmel/studio/7.0/toolchain/arm/arm-gnu-toolchain/bin/../lib/gcc/arm-none-eabi/6.3.1/thumb/v6-m\libgcc.a(_dvmd_tls.o)
 .ARM.attributes
                0x0000043c       0x2c c:/program files (x86)/atmel/studio/7.0/toolchain/arm/arm-gnu-toolchain/bin/../lib/gcc/arm-none-eabi/6.3.1/thumb/v6-m\libgcc.a(adddf3.o)
 .ARM.attributes
                0x00000468       0x2c c:/program files (x86)/atmel/studio/7.0/toolchain/arm/arm-gnu-toolchain/bin/../lib/gcc/arm-none-eabi/6.3.1/thumb/v6-m\libgcc.a(divdf3.o)
 .ARM.attributes
                0x00000494       0x2c c:/program files (x86)/atmel/studio/7.0/toolchain/arm/arm-gnu-toolchain/bin/../lib/gcc/arm-none-eabi/6.3.1/thumb/v6-m\libgcc.a(muldf3.o)
 .ARM.attributes
                0x000004c0       0x2c c:/program files (x86)/atmel/studio/7.0/toolchain/arm/arm-gnu-toolchain/bin/../lib/gcc/arm-none-eabi/6.3.1/thumb/v6-m\libgcc.a(subdf3.o)
 .ARM.attributes
                0x000004ec       0x2c c:/program files (x86)/atmel/studio/7.0/toolchain/arm/arm-gnu-toolchain/bin/../lib/gcc/arm-none-eabi/6.3.1/thumb/v6-m\libgcc.a(fixdfsi.o)
 .ARM.attributes
                0x00000518       0x2c c:/program files (x86)/atmel/studio/7.0/toolchain/arm/arm-gnu-toolchain/bin/../lib/gcc/arm-none-eabi/6.3.1/thumb/v6-m\libgcc.a(floatunsidf.o)
 .ARM.attributes
                0x00000544       0x1e c:/program files (x86)/atmel/studio/7.0/toolchain/arm/arm-gnu-toolchain/bin/../lib/gcc/arm-none-eabi/6.3.1/thumb/v6-m\libgcc.a(_clzsi2.o)
 .ARM.attributes
                0x00000562       0x2c c:/program files (x86)/atmel/studio/7.0/toolchain/arm/arm-gnu-toolchain/bin/../lib/gcc/arm-none-eabi/6.3.1/../../../../arm-none-eabi/lib/thumb/v6-m\libc_nano.a(lib_a-init.o)
 .ARM.attributes
                0x0000058e       0x1e c:/program files (x86)/atmel/studio/7.0/toolchain/arm/arm-gnu-toolchain/bin/../lib/gcc/arm-none-eabi/6.3.1/thumb/v6-m/crtn.o

.comment        0x00000000       0x59
 .comment       0x00000000       0x59 Device_Startup/startup_samr21.o
                                 0x5a (size before relaxing)
 .comment       0x00000059       0x5a src/Master.o
 .comment       0x00000059       0x5a src/ASF/sam0/drivers/extint/extint_callback.o
 .comment       0x00000059       0x5a src/ASF/sam0/drivers/extint/extint_sam_d_r_h/extint.o
 .comment       0x00000059       0x5a src/ASF/sam0/drivers/sercom/i2c/i2c_sam0/i2c_master.o
 .comment       0x00000059       0x5a src/ASF/sam0/drivers/sercom/i2c/i2c_sam0/i2c_slave.o
 .comment       0x00000059       0x5a src/ASF/sam0/drivers/sercom/sercom.o
 .comment       0x00000059       0x5a src/ASF/common2/services/delay/sam0/systick_counter.o
 .comment       0x00000059       0x5a src/ASF/common/utils/interrupt/interrupt_sam_nvic.o
 .comment       0x00000059       0x5a src/ASF/sam0/boards/samr21_xplained_pro/board_init.o
 .comment       0x00000059       0x5a src/ASF/sam0/drivers/port/port.o
 .comment       0x00000059       0x5a src/ASF/sam0/drivers/system/clock/clock_samd21_r21_da_ha1/clock.o
 .comment       0x00000059       0x5a src/ASF/sam0/drivers/system/clock/clock_samd21_r21_da_ha1/gclk.o
 .comment       0x00000059       0x5a src/ASF/sam0/drivers/system/pinmux/pinmux.o
 .comment       0x00000059       0x5a src/ASF/sam0/drivers/system/system.o
 .comment       0x00000059       0x5a src/I2C.o
 .comment       0x00000059       0x5a src/interrupt.o
 .comment       0x00000059       0x5a src/LED.o
 .comment       0x00000059       0x5a src/main.o

.debug_info     0x00000000    0x2c4de
 .debug_info    0x00000000     0x3a27 Device_Startup/startup_samr21.o
 .debug_info    0x00003a27     0x2d8c src/Master.o
 .debug_info    0x000067b3     0x19a7 src/ASF/sam0/drivers/extint/extint_callback.o
 .debug_info    0x0000815a     0x2a8f src/ASF/sam0/drivers/extint/extint_sam_d_r_h/extint.o
 .debug_info    0x0000abe9     0x4b47 src/ASF/sam0/drivers/sercom/i2c/i2c_sam0/i2c_master.o
 .debug_info    0x0000f730     0x45c0 src/ASF/sam0/drivers/sercom/i2c/i2c_sam0/i2c_slave.o
 .debug_info    0x00013cf0     0x2dd5 src/ASF/sam0/drivers/sercom/sercom.o
 .debug_info    0x00016ac5      0xb8d src/ASF/common2/services/delay/sam0/systick_counter.o
 .debug_info    0x00017652      0xb05 src/ASF/common/utils/interrupt/interrupt_sam_nvic.o
 .debug_info    0x00018157     0x12ac src/ASF/sam0/boards/samr21_xplained_pro/board_init.o
 .debug_info    0x00019403     0x12b6 src/ASF/sam0/drivers/port/port.o
 .debug_info    0x0001a6b9     0x3729 src/ASF/sam0/drivers/system/clock/clock_samd21_r21_da_ha1/clock.o
 .debug_info    0x0001dde2     0x1e5d src/ASF/sam0/drivers/system/clock/clock_samd21_r21_da_ha1/gclk.o
 .debug_info    0x0001fc3f     0x1374 src/ASF/sam0/drivers/system/pinmux/pinmux.o
 .debug_info    0x00020fb3      0xa73 src/ASF/sam0/drivers/system/system.o
 .debug_info    0x00021a26     0x3046 src/I2C.o
 .debug_info    0x00024a6c     0x3534 src/interrupt.o
 .debug_info    0x00027fa0     0x12b7 src/LED.o
 .debug_info    0x00029257     0x3287 src/main.o

.debug_abbrev   0x00000000     0x3ee6
 .debug_abbrev  0x00000000      0x234 Device_Startup/startup_samr21.o
 .debug_abbrev  0x00000234      0x372 src/Master.o
 .debug_abbrev  0x000005a6      0x333 src/ASF/sam0/drivers/extint/extint_callback.o
 .debug_abbrev  0x000008d9      0x4b4 src/ASF/sam0/drivers/extint/extint_sam_d_r_h/extint.o
 .debug_abbrev  0x00000d8d      0x4f4 src/ASF/sam0/drivers/sercom/i2c/i2c_sam0/i2c_master.o
 .debug_abbrev  0x00001281      0x4cc src/ASF/sam0/drivers/sercom/i2c/i2c_sam0/i2c_slave.o
 .debug_abbrev  0x0000174d      0x378 src/ASF/sam0/drivers/sercom/sercom.o
 .debug_abbrev  0x00001ac5      0x24b src/ASF/common2/services/delay/sam0/systick_counter.o
 .debug_abbrev  0x00001d10      0x23b src/ASF/common/utils/interrupt/interrupt_sam_nvic.o
 .debug_abbrev  0x00001f4b      0x2dc src/ASF/sam0/boards/samr21_xplained_pro/board_init.o
 .debug_abbrev  0x00002227      0x298 src/ASF/sam0/drivers/port/port.o
 .debug_abbrev  0x000024bf      0x465 src/ASF/sam0/drivers/system/clock/clock_samd21_r21_da_ha1/clock.o
 .debug_abbrev  0x00002924      0x40d src/ASF/sam0/drivers/system/clock/clock_samd21_r21_da_ha1/gclk.o
 .debug_abbrev  0x00002d31      0x332 src/ASF/sam0/drivers/system/pinmux/pinmux.o
 .debug_abbrev  0x00003063      0x1e1 src/ASF/sam0/drivers/system/system.o
 .debug_abbrev  0x00003244      0x2ec src/I2C.o
 .debug_abbrev  0x00003530      0x38b src/interrupt.o
 .debug_abbrev  0x000038bb      0x2da src/LED.o
 .debug_abbrev  0x00003b95      0x351 src/main.o

.debug_loc      0x00000000     0x4794
 .debug_loc     0x00000000       0x40 Device_Startup/startup_samr21.o
 .debug_loc     0x00000040      0x186 src/Master.o
 .debug_loc     0x000001c6      0x2ac src/ASF/sam0/drivers/extint/extint_callback.o
 .debug_loc     0x00000472      0x43d src/ASF/sam0/drivers/extint/extint_sam_d_r_h/extint.o
 .debug_loc     0x000008af      0xed9 src/ASF/sam0/drivers/sercom/i2c/i2c_sam0/i2c_master.o
 .debug_loc     0x00001788      0x94c src/ASF/sam0/drivers/sercom/i2c/i2c_sam0/i2c_slave.o
 .debug_loc     0x000020d4      0x9d5 src/ASF/sam0/drivers/sercom/sercom.o
 .debug_loc     0x00002aa9       0xe4 src/ASF/common2/services/delay/sam0/systick_counter.o
 .debug_loc     0x00002b8d       0x8a src/ASF/sam0/boards/samr21_xplained_pro/board_init.o
 .debug_loc     0x00002c17      0x13d src/ASF/sam0/drivers/port/port.o
 .debug_loc     0x00002d54      0xec2 src/ASF/sam0/drivers/system/clock/clock_samd21_r21_da_ha1/clock.o
 .debug_loc     0x00003c16      0x504 src/ASF/sam0/drivers/system/clock/clock_samd21_r21_da_ha1/gclk.o
 .debug_loc     0x0000411a      0x322 src/ASF/sam0/drivers/system/pinmux/pinmux.o
 .debug_loc     0x0000443c       0x20 src/ASF/sam0/drivers/system/system.o
 .debug_loc     0x0000445c       0xab src/I2C.o
 .debug_loc     0x00004507      0x14f src/interrupt.o
 .debug_loc     0x00004656       0xaa src/LED.o
 .debug_loc     0x00004700       0x94 src/main.o

.debug_aranges  0x00000000      0x4e0
 .debug_aranges
                0x00000000       0x28 Device_Startup/startup_samr21.o
 .debug_aranges
                0x00000028       0x38 src/Master.o
 .debug_aranges
                0x00000060       0x48 src/ASF/sam0/drivers/extint/extint_callback.o
 .debug_aranges
                0x000000a8       0x50 src/ASF/sam0/drivers/extint/extint_sam_d_r_h/extint.o
 .debug_aranges
                0x000000f8       0xa0 src/ASF/sam0/drivers/sercom/i2c/i2c_sam0/i2c_master.o
 .debug_aranges
                0x00000198       0x60 src/ASF/sam0/drivers/sercom/i2c/i2c_sam0/i2c_slave.o
 .debug_aranges
                0x000001f8       0x48 src/ASF/sam0/drivers/sercom/sercom.o
 .debug_aranges
                0x00000240       0x30 src/ASF/common2/services/delay/sam0/systick_counter.o
 .debug_aranges
                0x00000270       0x28 src/ASF/common/utils/interrupt/interrupt_sam_nvic.o
 .debug_aranges
                0x00000298       0x20 src/ASF/sam0/boards/samr21_xplained_pro/board_init.o
 .debug_aranges
                0x000002b8       0x28 src/ASF/sam0/drivers/port/port.o
 .debug_aranges
                0x000002e0       0x78 src/ASF/sam0/drivers/system/clock/clock_samd21_r21_da_ha1/clock.o
 .debug_aranges
                0x00000358       0x80 src/ASF/sam0/drivers/system/clock/clock_samd21_r21_da_ha1/gclk.o
 .debug_aranges
                0x000003d8       0x38 src/ASF/sam0/drivers/system/pinmux/pinmux.o
 .debug_aranges
                0x00000410       0x28 src/ASF/sam0/drivers/system/system.o
 .debug_aranges
                0x00000438       0x28 src/I2C.o
 .debug_aranges
                0x00000460       0x38 src/interrupt.o
 .debug_aranges
                0x00000498       0x28 src/LED.o
 .debug_aranges
                0x000004c0       0x20 src/main.o

.debug_ranges   0x00000000      0x4c8
 .debug_ranges  0x00000000       0x18 Device_Startup/startup_samr21.o
 .debug_ranges  0x00000018       0x28 src/Master.o
 .debug_ranges  0x00000040       0x90 src/ASF/sam0/drivers/extint/extint_callback.o
 .debug_ranges  0x000000d0       0x40 src/ASF/sam0/drivers/extint/extint_sam_d_r_h/extint.o
 .debug_ranges  0x00000110       0xa8 src/ASF/sam0/drivers/sercom/i2c/i2c_sam0/i2c_master.o
 .debug_ranges  0x000001b8       0x80 src/ASF/sam0/drivers/sercom/i2c/i2c_sam0/i2c_slave.o
 .debug_ranges  0x00000238       0x50 src/ASF/sam0/drivers/sercom/sercom.o
 .debug_ranges  0x00000288       0x50 src/ASF/common2/services/delay/sam0/systick_counter.o
 .debug_ranges  0x000002d8       0x18 src/ASF/common/utils/interrupt/interrupt_sam_nvic.o
 .debug_ranges  0x000002f0       0x10 src/ASF/sam0/boards/samr21_xplained_pro/board_init.o
 .debug_ranges  0x00000300       0x18 src/ASF/sam0/drivers/port/port.o
 .debug_ranges  0x00000318       0x68 src/ASF/sam0/drivers/system/clock/clock_samd21_r21_da_ha1/clock.o
 .debug_ranges  0x00000380       0x88 src/ASF/sam0/drivers/system/clock/clock_samd21_r21_da_ha1/gclk.o
 .debug_ranges  0x00000408       0x28 src/ASF/sam0/drivers/system/pinmux/pinmux.o
 .debug_ranges  0x00000430       0x18 src/ASF/sam0/drivers/system/system.o
 .debug_ranges  0x00000448       0x18 src/I2C.o
 .debug_ranges  0x00000460       0x28 src/interrupt.o
 .debug_ranges  0x00000488       0x18 src/LED.o
 .debug_ranges  0x000004a0       0x28 src/main.o

.debug_macro    0x00000000    0x1a7cb
 .debug_macro   0x00000000      0x306 Device_Startup/startup_samr21.o
 .debug_macro   0x00000306      0x8ce Device_Startup/startup_samr21.o
 .debug_macro   0x00000bd4       0x22 Device_Startup/startup_samr21.o
 .debug_macro   0x00000bf6       0x87 Device_Startup/startup_samr21.o
 .debug_macro   0x00000c7d       0x51 Device_Startup/startup_samr21.o
 .debug_macro   0x00000cce       0xef Device_Startup/startup_samr21.o
 .debug_macro   0x00000dbd       0x6a Device_Startup/startup_samr21.o
 .debug_macro   0x00000e27      0x1df Device_Startup/startup_samr21.o
 .debug_macro   0x00001006       0x40 Device_Startup/startup_samr21.o
 .debug_macro   0x00001046       0x1c Device_Startup/startup_samr21.o
 .debug_macro   0x00001062       0x22 Device_Startup/startup_samr21.o
 .debug_macro   0x00001084       0xb5 Device_Startup/startup_samr21.o
 .debug_macro   0x00001139      0x3ad Device_Startup/startup_samr21.o
 .debug_macro   0x000014e6      0x67d Device_Startup/startup_samr21.o
 .debug_macro   0x00001b63      0x8b0 Device_Startup/startup_samr21.o
 .debug_macro   0x00002413      0x22e Device_Startup/startup_samr21.o
 .debug_macro   0x00002641      0xd5c Device_Startup/startup_samr21.o
 .debug_macro   0x0000339d      0x4c6 Device_Startup/startup_samr21.o
 .debug_macro   0x00003863      0x9f6 Device_Startup/startup_samr21.o
 .debug_macro   0x00004259      0x82a Device_Startup/startup_samr21.o
 .debug_macro   0x00004a83      0x450 Device_Startup/startup_samr21.o
 .debug_macro   0x00004ed3       0x5e Device_Startup/startup_samr21.o
 .debug_macro   0x00004f31      0x21c Device_Startup/startup_samr21.o
 .debug_macro   0x0000514d      0x734 Device_Startup/startup_samr21.o
 .debug_macro   0x00005881       0x5e Device_Startup/startup_samr21.o
 .debug_macro   0x000058df      0x631 Device_Startup/startup_samr21.o
 .debug_macro   0x00005f10      0x3ab Device_Startup/startup_samr21.o
 .debug_macro   0x000062bb       0x94 Device_Startup/startup_samr21.o
 .debug_macro   0x0000634f      0xc75 Device_Startup/startup_samr21.o
 .debug_macro   0x00006fc4     0x1092 Device_Startup/startup_samr21.o
 .debug_macro   0x00008056      0xc4a Device_Startup/startup_samr21.o
 .debug_macro   0x00008ca0      0x6ba Device_Startup/startup_samr21.o
 .debug_macro   0x0000935a     0x1b3c Device_Startup/startup_samr21.o
 .debug_macro   0x0000ae96     0x143b Device_Startup/startup_samr21.o
 .debug_macro   0x0000c2d1      0x33f Device_Startup/startup_samr21.o
 .debug_macro   0x0000c610       0x7c Device_Startup/startup_samr21.o
 .debug_macro   0x0000c68c       0xa0 Device_Startup/startup_samr21.o
 .debug_macro   0x0000c72c       0x4c Device_Startup/startup_samr21.o
 .debug_macro   0x0000c778       0xca Device_Startup/startup_samr21.o
 .debug_macro   0x0000c842       0x94 Device_Startup/startup_samr21.o
 .debug_macro   0x0000c8d6       0x58 Device_Startup/startup_samr21.o
 .debug_macro   0x0000c92e      0x340 Device_Startup/startup_samr21.o
 .debug_macro   0x0000cc6e       0x82 Device_Startup/startup_samr21.o
 .debug_macro   0x0000ccf0      0x188 Device_Startup/startup_samr21.o
 .debug_macro   0x0000ce78       0xa0 Device_Startup/startup_samr21.o
 .debug_macro   0x0000cf18       0xb2 Device_Startup/startup_samr21.o
 .debug_macro   0x0000cfca       0x1c Device_Startup/startup_samr21.o
 .debug_macro   0x0000cfe6       0x1c Device_Startup/startup_samr21.o
 .debug_macro   0x0000d002       0x1c Device_Startup/startup_samr21.o
 .debug_macro   0x0000d01e       0x7c Device_Startup/startup_samr21.o
 .debug_macro   0x0000d09a      0x1ba Device_Startup/startup_samr21.o
 .debug_macro   0x0000d254       0x16 Device_Startup/startup_samr21.o
 .debug_macro   0x0000d26a       0xdc Device_Startup/startup_samr21.o
 .debug_macro   0x0000d346      0x124 Device_Startup/startup_samr21.o
 .debug_macro   0x0000d46a      0x124 Device_Startup/startup_samr21.o
 .debug_macro   0x0000d58e      0x124 Device_Startup/startup_samr21.o
 .debug_macro   0x0000d6b2      0x124 Device_Startup/startup_samr21.o
 .debug_macro   0x0000d7d6      0x124 Device_Startup/startup_samr21.o
 .debug_macro   0x0000d8fa      0x124 Device_Startup/startup_samr21.o
 .debug_macro   0x0000da1e      0x124 Device_Startup/startup_samr21.o
 .debug_macro   0x0000db42       0xe2 Device_Startup/startup_samr21.o
 .debug_macro   0x0000dc24       0xe2 Device_Startup/startup_samr21.o
 .debug_macro   0x0000dd06       0xe2 Device_Startup/startup_samr21.o
 .debug_macro   0x0000dde8       0xe2 Device_Startup/startup_samr21.o
 .debug_macro   0x0000deca       0xe2 Device_Startup/startup_samr21.o
 .debug_macro   0x0000dfac      0x12a Device_Startup/startup_samr21.o
 .debug_macro   0x0000e0d6      0x100 Device_Startup/startup_samr21.o
 .debug_macro   0x0000e1d6       0xf4 Device_Startup/startup_samr21.o
 .debug_macro   0x0000e2ca      0x40f Device_Startup/startup_samr21.o
 .debug_macro   0x0000e6d9       0x40 Device_Startup/startup_samr21.o
 .debug_macro   0x0000e719      0x392 Device_Startup/startup_samr21.o
 .debug_macro   0x0000eaab     0x192e Device_Startup/startup_samr21.o
 .debug_macro   0x000103d9       0x74 Device_Startup/startup_samr21.o
 .debug_macro   0x0001044d      0x692 src/Master.o
 .debug_macro   0x00010adf      0x16d src/Master.o
 .debug_macro   0x00010c4c      0x71d src/Master.o
 .debug_macro   0x00011369       0x10 src/Master.o
 .debug_macro   0x00011379       0x76 src/Master.o
 .debug_macro   0x000113ef       0x16 src/Master.o
 .debug_macro   0x00011405      0x6db src/Master.o
 .debug_macro   0x00011ae0      0xdd8 src/Master.o
 .debug_macro   0x000128b8       0x22 src/Master.o
 .debug_macro   0x000128da       0x46 src/Master.o
 .debug_macro   0x00012920       0x58 src/Master.o
 .debug_macro   0x00012978       0x35 src/Master.o
 .debug_macro   0x000129ad       0x9c src/Master.o
 .debug_macro   0x00012a49       0x16 src/Master.o
 .debug_macro   0x00012a5f       0x35 src/Master.o
 .debug_macro   0x00012a94      0x34d src/Master.o
 .debug_macro   0x00012de1       0x10 src/Master.o
 .debug_macro   0x00012df1       0x58 src/Master.o
 .debug_macro   0x00012e49       0x1f src/Master.o
 .debug_macro   0x00012e68       0x43 src/Master.o
 .debug_macro   0x00012eab       0x20 src/Master.o
 .debug_macro   0x00012ecb      0x187 src/Master.o
 .debug_macro   0x00013052       0x10 src/Master.o
 .debug_macro   0x00013062       0x1c src/Master.o
 .debug_macro   0x0001307e       0x52 src/Master.o
 .debug_macro   0x000130d0       0x40 src/Master.o
 .debug_macro   0x00013110       0x10 src/Master.o
 .debug_macro   0x00013120       0x40 src/Master.o
 .debug_macro   0x00013160       0xd7 src/Master.o
 .debug_macro   0x00013237       0x16 src/Master.o
 .debug_macro   0x0001324d      0x18b src/Master.o
 .debug_macro   0x000133d8       0x16 src/Master.o
 .debug_macro   0x000133ee       0x16 src/Master.o
 .debug_macro   0x00013404       0x29 src/Master.o
 .debug_macro   0x0001342d       0x51 src/Master.o
 .debug_macro   0x0001347e       0x3e src/Master.o
 .debug_macro   0x000134bc      0x3df src/Master.o
 .debug_macro   0x0001389b       0x11 src/Master.o
 .debug_macro   0x000138ac       0x16 src/Master.o
 .debug_macro   0x000138c2       0x16 src/Master.o
 .debug_macro   0x000138d8       0x11 src/Master.o
 .debug_macro   0x000138e9       0x19 src/Master.o
 .debug_macro   0x00013902      0x2df src/Master.o
 .debug_macro   0x00013be1      0x69a src/Master.o
 .debug_macro   0x0001427b       0x1f src/Master.o
 .debug_macro   0x0001429a      0x298 src/Master.o
 .debug_macro   0x00014532       0x16 src/Master.o
 .debug_macro   0x00014548       0x2e src/Master.o
 .debug_macro   0x00014576       0x9a src/Master.o
 .debug_macro   0x00014610       0x10 src/Master.o
 .debug_macro   0x00014620       0x27 src/Master.o
 .debug_macro   0x00014647       0x40 src/Master.o
 .debug_macro   0x00014687       0x16 src/Master.o
 .debug_macro   0x0001469d       0x16 src/Master.o
 .debug_macro   0x000146b3      0x544 src/ASF/sam0/drivers/extint/extint_callback.o
 .debug_macro   0x00014bf7      0x59e src/ASF/sam0/drivers/extint/extint_sam_d_r_h/extint.o
 .debug_macro   0x00015195       0x1f src/ASF/sam0/drivers/extint/extint_sam_d_r_h/extint.o
 .debug_macro   0x000151b4       0x16 src/ASF/sam0/drivers/extint/extint_sam_d_r_h/extint.o
 .debug_macro   0x000151ca      0x5b2 src/ASF/sam0/drivers/sercom/i2c/i2c_sam0/i2c_master.o
 .debug_macro   0x0001577c      0x5b1 src/ASF/sam0/drivers/sercom/i2c/i2c_sam0/i2c_slave.o
 .debug_macro   0x00015d2d       0x40 src/ASF/sam0/drivers/sercom/i2c/i2c_sam0/i2c_slave.o
 .debug_macro   0x00015d6d      0x5ac src/ASF/sam0/drivers/sercom/sercom.o
 .debug_macro   0x00016319      0x55a src/ASF/common2/services/delay/sam0/systick_counter.o
 .debug_macro   0x00016873      0x51f src/ASF/common/utils/interrupt/interrupt_sam_nvic.o
 .debug_macro   0x00016d92      0x55b src/ASF/sam0/boards/samr21_xplained_pro/board_init.o
 .debug_macro   0x000172ed       0x19 src/ASF/sam0/boards/samr21_xplained_pro/board_init.o
 .debug_macro   0x00017306      0x539 src/ASF/sam0/drivers/port/port.o
 .debug_macro   0x0001783f      0x590 src/ASF/sam0/drivers/system/clock/clock_samd21_r21_da_ha1/clock.o
 .debug_macro   0x00017dcf      0x555 src/ASF/sam0/drivers/system/clock/clock_samd21_r21_da_ha1/gclk.o
 .debug_macro   0x00018324      0x531 src/ASF/sam0/drivers/system/pinmux/pinmux.o
 .debug_macro   0x00018855      0x562 src/ASF/sam0/drivers/system/system.o
 .debug_macro   0x00018db7      0x672 src/I2C.o
 .debug_macro   0x00019429       0x10 src/I2C.o
 .debug_macro   0x00019439      0x687 src/interrupt.o
 .debug_macro   0x00019ac0      0x66d src/LED.o
 .debug_macro   0x0001a12d      0x69e src/main.o

.debug_line     0x00000000     0xe33f
 .debug_line    0x00000000      0x6e2 Device_Startup/startup_samr21.o
 .debug_line    0x000006e2      0xe1f src/Master.o
 .debug_line    0x00001501      0xa82 src/ASF/sam0/drivers/extint/extint_callback.o
 .debug_line    0x00001f83      0xce2 src/ASF/sam0/drivers/extint/extint_sam_d_r_h/extint.o
 .debug_line    0x00002c65      0xea0 src/ASF/sam0/drivers/sercom/i2c/i2c_sam0/i2c_master.o
 .debug_line    0x00003b05      0xdd8 src/ASF/sam0/drivers/sercom/i2c/i2c_sam0/i2c_slave.o
 .debug_line    0x000048dd      0xc85 src/ASF/sam0/drivers/sercom/sercom.o
 .debug_line    0x00005562      0xa76 src/ASF/common2/services/delay/sam0/systick_counter.o
 .debug_line    0x00005fd8      0x97a src/ASF/common/utils/interrupt/interrupt_sam_nvic.o
 .debug_line    0x00006952      0xa27 src/ASF/sam0/boards/samr21_xplained_pro/board_init.o
 .debug_line    0x00007379      0x9ac src/ASF/sam0/drivers/port/port.o
 .debug_line    0x00007d25      0xd02 src/ASF/sam0/drivers/system/clock/clock_samd21_r21_da_ha1/clock.o
 .debug_line    0x00008a27      0xd28 src/ASF/sam0/drivers/system/clock/clock_samd21_r21_da_ha1/gclk.o
 .debug_line    0x0000974f      0x9dc src/ASF/sam0/drivers/system/pinmux/pinmux.o
 .debug_line    0x0000a12b      0xaa3 src/ASF/sam0/drivers/system/system.o
 .debug_line    0x0000abce      0xdf0 src/I2C.o
 .debug_line    0x0000b9be      0xe12 src/interrupt.o
 .debug_line    0x0000c7d0      0xd9c src/LED.o
 .debug_line    0x0000d56c      0xdd3 src/main.o

.debug_str      0x00000000    0x8905d
 .debug_str     0x00000000    0x69d50 Device_Startup/startup_samr21.o
                              0x6a190 (size before relaxing)
 .debug_str     0x00069d50    0x1b15e src/Master.o
                              0x8445b (size before relaxing)
 .debug_str     0x00084eae      0x50f src/ASF/sam0/drivers/extint/extint_callback.o
                              0x7f93e (size before relaxing)
 .debug_str     0x000853bd      0xdf7 src/ASF/sam0/drivers/extint/extint_sam_d_r_h/extint.o
                              0x808f7 (size before relaxing)
 .debug_str     0x000861b4      0x894 src/ASF/sam0/drivers/sercom/i2c/i2c_sam0/i2c_master.o
                              0x81168 (size before relaxing)
 .debug_str     0x00086a48      0x2dd src/ASF/sam0/drivers/sercom/i2c/i2c_sam0/i2c_slave.o
                              0x810cd (size before relaxing)
 .debug_str     0x00086d25      0x378 src/ASF/sam0/drivers/sercom/sercom.o
                              0x807e5 (size before relaxing)
 .debug_str     0x0008709d       0xb7 src/ASF/common2/services/delay/sam0/systick_counter.o
                              0x7f331 (size before relaxing)
 .debug_str     0x00087154       0x94 src/ASF/common/utils/interrupt/interrupt_sam_nvic.o
                              0x7f121 (size before relaxing)
 .debug_str     0x000871e8      0x301 src/ASF/sam0/boards/samr21_xplained_pro/board_init.o
                              0x81e7c (size before relaxing)
 .debug_str     0x000874e9       0x59 src/ASF/sam0/drivers/port/port.o
                              0x7f53c (size before relaxing)
 .debug_str     0x00087542     0x15d8 src/ASF/sam0/drivers/system/clock/clock_samd21_r21_da_ha1/clock.o
                              0x8226c (size before relaxing)
 .debug_str     0x00088b1a      0x212 src/ASF/sam0/drivers/system/clock/clock_samd21_r21_da_ha1/gclk.o
                              0x7fdc3 (size before relaxing)
 .debug_str     0x00088d2c       0xf4 src/ASF/sam0/drivers/system/pinmux/pinmux.o
                              0x7f518 (size before relaxing)
 .debug_str     0x00088e20       0x47 src/ASF/sam0/drivers/system/system.o
                              0x7f1d8 (size before relaxing)
 .debug_str     0x00088e67      0x12b src/I2C.o
                              0x8477a (size before relaxing)
 .debug_str     0x00088f92       0x60 src/interrupt.o
                              0x845be (size before relaxing)
 .debug_str     0x00088ff2       0x29 src/LED.o
                              0x83ae7 (size before relaxing)
 .debug_str     0x0008901b       0x42 src/main.o
                              0x8433f (size before relaxing)

.debug_frame    0x00000000      0xc9c
 .debug_frame   0x00000000       0x40 Device_Startup/startup_samr21.o
 .debug_frame   0x00000040       0x7c src/Master.o
 .debug_frame   0x000000bc       0x7c src/ASF/sam0/drivers/extint/extint_callback.o
 .debug_frame   0x00000138       0xb8 src/ASF/sam0/drivers/extint/extint_sam_d_r_h/extint.o
 .debug_frame   0x000001f0      0x1e8 src/ASF/sam0/drivers/sercom/i2c/i2c_sam0/i2c_master.o
 .debug_frame   0x000003d8      0x110 src/ASF/sam0/drivers/sercom/i2c/i2c_sam0/i2c_slave.o
 .debug_frame   0x000004e8       0xbc src/ASF/sam0/drivers/sercom/sercom.o
 .debug_frame   0x000005a4       0x64 src/ASF/common2/services/delay/sam0/systick_counter.o
 .debug_frame   0x00000608       0x30 src/ASF/common/utils/interrupt/interrupt_sam_nvic.o
 .debug_frame   0x00000638       0x30 src/ASF/sam0/boards/samr21_xplained_pro/board_init.o
 .debug_frame   0x00000668       0x44 src/ASF/sam0/drivers/port/port.o
 .debug_frame   0x000006ac      0x14c src/ASF/sam0/drivers/system/clock/clock_samd21_r21_da_ha1/clock.o
 .debug_frame   0x000007f8      0x148 src/ASF/sam0/drivers/system/clock/clock_samd21_r21_da_ha1/gclk.o
 .debug_frame   0x00000940       0x74 src/ASF/sam0/drivers/system/pinmux/pinmux.o
 .debug_frame   0x000009b4       0x38 src/ASF/sam0/drivers/system/system.o
 .debug_frame   0x000009ec       0x48 src/I2C.o
 .debug_frame   0x00000a34       0x70 src/interrupt.o
 .debug_frame   0x00000aa4       0x40 src/LED.o
 .debug_frame   0x00000ae4       0x2c src/main.o
 .debug_frame   0x00000b10       0x20 c:/program files (x86)/atmel/studio/7.0/toolchain/arm/arm-gnu-toolchain/bin/../lib/gcc/arm-none-eabi/6.3.1/thumb/v6-m\libgcc.a(_udivsi3.o)
 .debug_frame   0x00000b30       0x3c c:/program files (x86)/atmel/studio/7.0/toolchain/arm/arm-gnu-toolchain/bin/../lib/gcc/arm-none-eabi/6.3.1/thumb/v6-m\libgcc.a(adddf3.o)
 .debug_frame   0x00000b6c       0x3c c:/program files (x86)/atmel/studio/7.0/toolchain/arm/arm-gnu-toolchain/bin/../lib/gcc/arm-none-eabi/6.3.1/thumb/v6-m\libgcc.a(divdf3.o)
 .debug_frame   0x00000ba8       0x3c c:/program files (x86)/atmel/studio/7.0/toolchain/arm/arm-gnu-toolchain/bin/../lib/gcc/arm-none-eabi/6.3.1/thumb/v6-m\libgcc.a(muldf3.o)
 .debug_frame   0x00000be4       0x38 c:/program files (x86)/atmel/studio/7.0/toolchain/arm/arm-gnu-toolchain/bin/../lib/gcc/arm-none-eabi/6.3.1/thumb/v6-m\libgcc.a(subdf3.o)
 .debug_frame   0x00000c1c       0x2c c:/program files (x86)/atmel/studio/7.0/toolchain/arm/arm-gnu-toolchain/bin/../lib/gcc/arm-none-eabi/6.3.1/thumb/v6-m\libgcc.a(fixdfsi.o)
 .debug_frame   0x00000c48       0x28 c:/program files (x86)/atmel/studio/7.0/toolchain/arm/arm-gnu-toolchain/bin/../lib/gcc/arm-none-eabi/6.3.1/thumb/v6-m\libgcc.a(floatunsidf.o)
 .debug_frame   0x00000c70       0x2c c:/program files (x86)/atmel/studio/7.0/toolchain/arm/arm-gnu-toolchain/bin/../lib/gcc/arm-none-eabi/6.3.1/../../../../arm-none-eabi/lib/thumb/v6-m\libc_nano.a(lib_a-init.o)

Cross Reference Table

Symbol                                            File
AC_Handler                                        Device_Startup/startup_samr21.o
ADC_Handler                                       Device_Startup/startup_samr21.o
DAC_Handler                                       Device_Startup/startup_samr21.o
DMAC_Handler                                      Device_Startup/startup_samr21.o
Dummy_Handler                                     Device_Startup/startup_samr21.o
EIC_Handler                                       src/ASF/sam0/drivers/extint/extint_callback.o
                                                  Device_Startup/startup_samr21.o
EVSYS_Handler                                     Device_Startup/startup_samr21.o
HardFault_Handler                                 Device_Startup/startup_samr21.o
NMI_Handler                                       Device_Startup/startup_samr21.o
NVMCTRL_Handler                                   Device_Startup/startup_samr21.o
PM_Handler                                        Device_Startup/startup_samr21.o
PTC_Handler                                       Device_Startup/startup_samr21.o
PendSV_Handler                                    Device_Startup/startup_samr21.o
RTC_Handler                                       Device_Startup/startup_samr21.o
Reset_Handler                                     Device_Startup/startup_samr21.o
SERCOM0_Handler                                   Device_Startup/startup_samr21.o
SERCOM1_Handler                                   Device_Startup/startup_samr21.o
SERCOM2_Handler                                   Device_Startup/startup_samr21.o
SERCOM3_Handler                                   Device_Startup/startup_samr21.o
SERCOM4_Handler                                   Device_Startup/startup_samr21.o
SERCOM5_Handler                                   Device_Startup/startup_samr21.o
SVC_Handler                                       Device_Startup/startup_samr21.o
SYSCTRL_Handler                                   Device_Startup/startup_samr21.o
SysTick_Handler                                   Device_Startup/startup_samr21.o
SystemCoreClock                                   Device_Startup/system_samr21.o
SystemCoreClockUpdate                             Device_Startup/system_samr21.o
SystemInit                                        Device_Startup/system_samr21.o
TC3_Handler                                       Device_Startup/startup_samr21.o
TC4_Handler                                       Device_Startup/startup_samr21.o
TC5_Handler                                       Device_Startup/startup_samr21.o
TC6_Handler                                       Device_Startup/startup_samr21.o
TC7_Handler                                       Device_Startup/startup_samr21.o
TCC0_Handler                                      Device_Startup/startup_samr21.o
TCC1_Handler                                      Device_Startup/startup_samr21.o
TCC2_Handler                                      Device_Startup/startup_samr21.o
USB_Handler                                       Device_Startup/startup_samr21.o
WDT_Handler                                       Device_Startup/startup_samr21.o
_Jv_RegisterClasses                               c:/program files (x86)/atmel/studio/7.0/toolchain/arm/arm-gnu-toolchain/bin/../lib/gcc/arm-none-eabi/6.3.1/thumb/v6-m/crtbegin.o
__aeabi_d2iz                                      c:/program files (x86)/atmel/studio/7.0/toolchain/arm/arm-gnu-toolchain/bin/../lib/gcc/arm-none-eabi/6.3.1/thumb/v6-m\libgcc.a(fixdfsi.o)
                                                  src/ASF/sam0/drivers/sercom/i2c/i2c_sam0/i2c_master.o
__aeabi_dadd                                      c:/program files (x86)/atmel/studio/7.0/toolchain/arm/arm-gnu-toolchain/bin/../lib/gcc/arm-none-eabi/6.3.1/thumb/v6-m\libgcc.a(adddf3.o)
                                                  src/ASF/sam0/drivers/sercom/i2c/i2c_sam0/i2c_master.o
__aeabi_ddiv                                      c:/program files (x86)/atmel/studio/7.0/toolchain/arm/arm-gnu-toolchain/bin/../lib/gcc/arm-none-eabi/6.3.1/thumb/v6-m\libgcc.a(divdf3.o)
                                                  src/ASF/sam0/drivers/sercom/i2c/i2c_sam0/i2c_master.o
__aeabi_dmul                                      c:/program files (x86)/atmel/studio/7.0/toolchain/arm/arm-gnu-toolchain/bin/../lib/gcc/arm-none-eabi/6.3.1/thumb/v6-m\libgcc.a(muldf3.o)
                                                  src/ASF/sam0/drivers/sercom/i2c/i2c_sam0/i2c_master.o
__aeabi_dsub                                      c:/program files (x86)/atmel/studio/7.0/toolchain/arm/arm-gnu-toolchain/bin/../lib/gcc/arm-none-eabi/6.3.1/thumb/v6-m\libgcc.a(subdf3.o)
                                                  src/ASF/sam0/drivers/sercom/i2c/i2c_sam0/i2c_master.o
__aeabi_idiv0                                     c:/program files (x86)/atmel/studio/7.0/toolchain/arm/arm-gnu-toolchain/bin/../lib/gcc/arm-none-eabi/6.3.1/thumb/v6-m\libgcc.a(_dvmd_tls.o)
                                                  c:/program files (x86)/atmel/studio/7.0/toolchain/arm/arm-gnu-toolchain/bin/../lib/gcc/arm-none-eabi/6.3.1/thumb/v6-m\libgcc.a(_udivsi3.o)
__aeabi_ldiv0                                     c:/program files (x86)/atmel/studio/7.0/toolchain/arm/arm-gnu-toolchain/bin/../lib/gcc/arm-none-eabi/6.3.1/thumb/v6-m\libgcc.a(_dvmd_tls.o)
__aeabi_lmul                                      c:/program files (x86)/atmel/studio/7.0/toolchain/arm/arm-gnu-toolchain/bin/../lib/gcc/arm-none-eabi/6.3.1/thumb/v6-m\libgcc.a(_muldi3.o)
                                                  src/ASF/sam0/drivers/sercom/sercom.o
__aeabi_ui2d                                      c:/program files (x86)/atmel/studio/7.0/toolchain/arm/arm-gnu-toolchain/bin/../lib/gcc/arm-none-eabi/6.3.1/thumb/v6-m\libgcc.a(floatunsidf.o)
                                                  src/ASF/sam0/drivers/sercom/i2c/i2c_sam0/i2c_master.o
__aeabi_uidiv                                     c:/program files (x86)/atmel/studio/7.0/toolchain/arm/arm-gnu-toolchain/bin/../lib/gcc/arm-none-eabi/6.3.1/thumb/v6-m\libgcc.a(_udivsi3.o)
                                                  c:/program files (x86)/atmel/studio/7.0/toolchain/arm/arm-gnu-toolchain/bin/../lib/gcc/arm-none-eabi/6.3.1/thumb/v6-m\libgcc.a(divdf3.o)
                                                  src/ASF/sam0/drivers/system/clock/clock_samd21_r21_da_ha1/gclk.o
                                                  src/ASF/sam0/drivers/system/clock/clock_samd21_r21_da_ha1/clock.o
                                                  src/ASF/common2/services/delay/sam0/systick_counter.o
                                                  src/ASF/sam0/drivers/sercom/i2c/i2c_sam0/i2c_master.o
__aeabi_uidivmod                                  c:/program files (x86)/atmel/studio/7.0/toolchain/arm/arm-gnu-toolchain/bin/../lib/gcc/arm-none-eabi/6.3.1/thumb/v6-m\libgcc.a(_udivsi3.o)
                                                  c:/program files (x86)/atmel/studio/7.0/toolchain/arm/arm-gnu-toolchain/bin/../lib/gcc/arm-none-eabi/6.3.1/thumb/v6-m\libgcc.a(divdf3.o)
__bss_end__                                       c:/program files (x86)/atmel/studio/7.0/toolchain/arm/arm-gnu-toolchain/bin/../lib/gcc/arm-none-eabi/6.3.1/../../../../arm-none-eabi/lib/thumb/v6-m/crt0.o
__bss_start__                                     c:/program files (x86)/atmel/studio/7.0/toolchain/arm/arm-gnu-toolchain/bin/../lib/gcc/arm-none-eabi/6.3.1/../../../../arm-none-eabi/lib/thumb/v6-m/crt0.o
__call_exitprocs                                  c:/program files (x86)/atmel/studio/7.0/toolchain/arm/arm-gnu-toolchain/bin/../lib/gcc/arm-none-eabi/6.3.1/../../../../arm-none-eabi/lib/thumb/v6-m\libc_nano.a(lib_a-exit.o)
__clzsi2                                          c:/program files (x86)/atmel/studio/7.0/toolchain/arm/arm-gnu-toolchain/bin/../lib/gcc/arm-none-eabi/6.3.1/thumb/v6-m\libgcc.a(_clzsi2.o)
                                                  c:/program files (x86)/atmel/studio/7.0/toolchain/arm/arm-gnu-toolchain/bin/../lib/gcc/arm-none-eabi/6.3.1/thumb/v6-m\libgcc.a(floatunsidf.o)
                                                  c:/program files (x86)/atmel/studio/7.0/toolchain/arm/arm-gnu-toolchain/bin/../lib/gcc/arm-none-eabi/6.3.1/thumb/v6-m\libgcc.a(subdf3.o)
                                                  c:/program files (x86)/atmel/studio/7.0/toolchain/arm/arm-gnu-toolchain/bin/../lib/gcc/arm-none-eabi/6.3.1/thumb/v6-m\libgcc.a(muldf3.o)
                                                  c:/program files (x86)/atmel/studio/7.0/toolchain/arm/arm-gnu-toolchain/bin/../lib/gcc/arm-none-eabi/6.3.1/thumb/v6-m\libgcc.a(divdf3.o)
                                                  c:/program files (x86)/atmel/studio/7.0/toolchain/arm/arm-gnu-toolchain/bin/../lib/gcc/arm-none-eabi/6.3.1/thumb/v6-m\libgcc.a(adddf3.o)
__deregister_frame_info                           c:/program files (x86)/atmel/studio/7.0/toolchain/arm/arm-gnu-toolchain/bin/../lib/gcc/arm-none-eabi/6.3.1/thumb/v6-m/crtbegin.o
__dso_handle                                      c:/program files (x86)/atmel/studio/7.0/toolchain/arm/arm-gnu-toolchain/bin/../lib/gcc/arm-none-eabi/6.3.1/thumb/v6-m/crtbegin.o
__init_array_end                                  c:/program files (x86)/atmel/studio/7.0/toolchain/arm/arm-gnu-toolchain/bin/../lib/gcc/arm-none-eabi/6.3.1/../../../../arm-none-eabi/lib/thumb/v6-m\libc_nano.a(lib_a-init.o)
__init_array_start                                c:/program files (x86)/atmel/studio/7.0/toolchain/arm/arm-gnu-toolchain/bin/../lib/gcc/arm-none-eabi/6.3.1/../../../../arm-none-eabi/lib/thumb/v6-m\libc_nano.a(lib_a-init.o)
__libc_fini_array                                 c:/program files (x86)/atmel/studio/7.0/toolchain/arm/arm-gnu-toolchain/bin/../lib/gcc/arm-none-eabi/6.3.1/../../../../arm-none-eabi/lib/thumb/v6-m/crt0.o
__libc_init_array                                 c:/program files (x86)/atmel/studio/7.0/toolchain/arm/arm-gnu-toolchain/bin/../lib/gcc/arm-none-eabi/6.3.1/../../../../arm-none-eabi/lib/thumb/v6-m\libc_nano.a(lib_a-init.o)
                                                  Device_Startup/startup_samr21.o
                                                  c:/program files (x86)/atmel/studio/7.0/toolchain/arm/arm-gnu-toolchain/bin/../lib/gcc/arm-none-eabi/6.3.1/../../../../arm-none-eabi/lib/thumb/v6-m/crt0.o
__muldi3                                          c:/program files (x86)/atmel/studio/7.0/toolchain/arm/arm-gnu-toolchain/bin/../lib/gcc/arm-none-eabi/6.3.1/thumb/v6-m\libgcc.a(_muldi3.o)
__preinit_array_end                               c:/program files (x86)/atmel/studio/7.0/toolchain/arm/arm-gnu-toolchain/bin/../lib/gcc/arm-none-eabi/6.3.1/../../../../arm-none-eabi/lib/thumb/v6-m\libc_nano.a(lib_a-init.o)
__preinit_array_start                             c:/program files (x86)/atmel/studio/7.0/toolchain/arm/arm-gnu-toolchain/bin/../lib/gcc/arm-none-eabi/6.3.1/../../../../arm-none-eabi/lib/thumb/v6-m\libc_nano.a(lib_a-init.o)
__register_frame_info                             c:/program files (x86)/atmel/studio/7.0/toolchain/arm/arm-gnu-toolchain/bin/../lib/gcc/arm-none-eabi/6.3.1/thumb/v6-m/crtbegin.o
__sf_fake_stderr                                  c:/program files (x86)/atmel/studio/7.0/toolchain/arm/arm-gnu-toolchain/bin/../lib/gcc/arm-none-eabi/6.3.1/../../../../arm-none-eabi/lib/thumb/v6-m\libc_nano.a(lib_a-impure.o)
__sf_fake_stdin                                   c:/program files (x86)/atmel/studio/7.0/toolchain/arm/arm-gnu-toolchain/bin/../lib/gcc/arm-none-eabi/6.3.1/../../../../arm-none-eabi/lib/thumb/v6-m\libc_nano.a(lib_a-impure.o)
__sf_fake_stdout                                  c:/program files (x86)/atmel/studio/7.0/toolchain/arm/arm-gnu-toolchain/bin/../lib/gcc/arm-none-eabi/6.3.1/../../../../arm-none-eabi/lib/thumb/v6-m\libc_nano.a(lib_a-impure.o)
__stack                                           c:/program files (x86)/atmel/studio/7.0/toolchain/arm/arm-gnu-toolchain/bin/../lib/gcc/arm-none-eabi/6.3.1/../../../../arm-none-eabi/lib/thumb/v6-m/crt0.o
__udivsi3                                         c:/program files (x86)/atmel/studio/7.0/toolchain/arm/arm-gnu-toolchain/bin/../lib/gcc/arm-none-eabi/6.3.1/thumb/v6-m\libgcc.a(_udivsi3.o)
_close                                            src/ASF/sam0/utils/syscalls/gcc/syscalls.o
_current_channel                                  src/ASF/sam0/drivers/extint/extint_callback.o
_end                                              src/ASF/sam0/utils/syscalls/gcc/syscalls.o
_erelocate                                        Device_Startup/startup_samr21.o
_estack                                           Device_Startup/startup_samr21.o
_etext                                            Device_Startup/startup_samr21.o
_exit                                             src/ASF/sam0/utils/syscalls/gcc/syscalls.o
                                                  c:/program files (x86)/atmel/studio/7.0/toolchain/arm/arm-gnu-toolchain/bin/../lib/gcc/arm-none-eabi/6.3.1/../../../../arm-none-eabi/lib/thumb/v6-m\libc_nano.a(lib_a-exit.o)
_extint_dev                                       src/ASF/sam0/drivers/extint/extint_sam_d_r_h/extint.o
                                                  src/ASF/sam0/drivers/extint/extint_callback.o
_ezero                                            Device_Startup/startup_samr21.o
_fini                                             c:/program files (x86)/atmel/studio/7.0/toolchain/arm/arm-gnu-toolchain/bin/../lib/gcc/arm-none-eabi/6.3.1/thumb/v6-m/crti.o
_fstat                                            src/ASF/sam0/utils/syscalls/gcc/syscalls.o
_getpid                                           src/ASF/sam0/utils/syscalls/gcc/syscalls.o
_global_impure_ptr                                c:/program files (x86)/atmel/studio/7.0/toolchain/arm/arm-gnu-toolchain/bin/../lib/gcc/arm-none-eabi/6.3.1/../../../../arm-none-eabi/lib/thumb/v6-m\libc_nano.a(lib_a-impure.o)
                                                  c:/program files (x86)/atmel/studio/7.0/toolchain/arm/arm-gnu-toolchain/bin/../lib/gcc/arm-none-eabi/6.3.1/../../../../arm-none-eabi/lib/thumb/v6-m\libc_nano.a(lib_a-exit.o)
_i2c_master_address_response                      src/ASF/sam0/drivers/sercom/i2c/i2c_sam0/i2c_master.o
_i2c_master_send_hs_master_code                   src/ASF/sam0/drivers/sercom/i2c/i2c_sam0/i2c_master.o
_i2c_master_wait_for_bus                          src/ASF/sam0/drivers/sercom/i2c/i2c_sam0/i2c_master.o
_impure_ptr                                       c:/program files (x86)/atmel/studio/7.0/toolchain/arm/arm-gnu-toolchain/bin/../lib/gcc/arm-none-eabi/6.3.1/../../../../arm-none-eabi/lib/thumb/v6-m\libc_nano.a(lib_a-impure.o)
_init                                             c:/program files (x86)/atmel/studio/7.0/toolchain/arm/arm-gnu-toolchain/bin/../lib/gcc/arm-none-eabi/6.3.1/thumb/v6-m/crti.o
                                                  c:/program files (x86)/atmel/studio/7.0/toolchain/arm/arm-gnu-toolchain/bin/../lib/gcc/arm-none-eabi/6.3.1/../../../../arm-none-eabi/lib/thumb/v6-m\libc_nano.a(lib_a-init.o)
_isatty                                           src/ASF/sam0/utils/syscalls/gcc/syscalls.o
_kill                                             src/ASF/sam0/utils/syscalls/gcc/syscalls.o
_lseek                                            src/ASF/sam0/utils/syscalls/gcc/syscalls.o
_mainCRTStartup                                   c:/program files (x86)/atmel/studio/7.0/toolchain/arm/arm-gnu-toolchain/bin/../lib/gcc/arm-none-eabi/6.3.1/../../../../arm-none-eabi/lib/thumb/v6-m/crt0.o
_rtc_instance                                     src/ASF/sam0/drivers/rtc/rtc_sam_d_r_h/rtc_count.o
_sbrk                                             src/ASF/sam0/utils/syscalls/gcc/syscalls.o
_sercom_get_async_baud_val                        src/ASF/sam0/drivers/sercom/sercom.o
_sercom_get_default_pad                           src/ASF/sam0/drivers/sercom/sercom.o
                                                  src/ASF/sam0/drivers/sercom/i2c/i2c_sam0/i2c_slave.o
                                                  src/ASF/sam0/drivers/sercom/i2c/i2c_sam0/i2c_master.o
_sercom_get_sercom_inst_index                     src/ASF/sam0/drivers/sercom/sercom.o
                                                  src/ASF/sam0/drivers/sercom/i2c/i2c_sam0/i2c_slave.o
                                                  src/ASF/sam0/drivers/sercom/i2c/i2c_sam0/i2c_master.o
_sercom_get_sync_baud_val                         src/ASF/sam0/drivers/sercom/sercom.o
_sfixed                                           Device_Startup/startup_samr21.o
_srelocate                                        Device_Startup/startup_samr21.o
_start                                            c:/program files (x86)/atmel/studio/7.0/toolchain/arm/arm-gnu-toolchain/bin/../lib/gcc/arm-none-eabi/6.3.1/../../../../arm-none-eabi/lib/thumb/v6-m/crt0.o
_system_divas_init                                src/ASF/sam0/drivers/system/system.o
_system_dummy_init                                src/ASF/sam0/drivers/system/system.o
_system_events_init                               src/ASF/sam0/drivers/system/system.o
_system_extint_init                               src/ASF/sam0/drivers/extint/extint_sam_d_r_h/extint.o
_szero                                            Device_Startup/startup_samr21.o
atexit                                            c:/program files (x86)/atmel/studio/7.0/toolchain/arm/arm-gnu-toolchain/bin/../lib/gcc/arm-none-eabi/6.3.1/../../../../arm-none-eabi/lib/thumb/v6-m/crt0.o
board_init                                        src/ASF/sam0/boards/samr21_xplained_pro/board_init.o
conf_led                                          src/LED.o
config_led                                        src/LED.o
                                                  src/main.o
configure_i2c_master                              src/I2C.o
                                                  src/Master.o
configure_i2c_slave                               src/I2C.o
                                                  src/Master.o
cpu_irq_enter_critical                            src/ASF/common/utils/interrupt/interrupt_sam_nvic.o
                                                  src/ASF/sam0/drivers/system/clock/clock_samd21_r21_da_ha1/gclk.o
cpu_irq_leave_critical                            src/ASF/common/utils/interrupt/interrupt_sam_nvic.o
                                                  src/ASF/sam0/drivers/system/clock/clock_samd21_r21_da_ha1/gclk.o
delay_cycles_ms                                   src/ASF/common2/services/delay/sam0/systick_counter.o
                                                  src/main.o
delay_cycles_us                                   src/ASF/common2/services/delay/sam0/systick_counter.o
                                                  src/interrupt.o
delay_init                                        src/ASF/common2/services/delay/sam0/systick_counter.o
                                                  src/main.o
exception_table                                   Device_Startup/startup_samr21.o
exit                                              c:/program files (x86)/atmel/studio/7.0/toolchain/arm/arm-gnu-toolchain/bin/../lib/gcc/arm-none-eabi/6.3.1/../../../../arm-none-eabi/lib/thumb/v6-m\libc_nano.a(lib_a-exit.o)
                                                  c:/program files (x86)/atmel/studio/7.0/toolchain/arm/arm-gnu-toolchain/bin/../lib/gcc/arm-none-eabi/6.3.1/../../../../arm-none-eabi/lib/thumb/v6-m/crt0.o
extint_chan_disable_callback                      src/ASF/sam0/drivers/extint/extint_callback.o
extint_chan_enable_callback                       src/ASF/sam0/drivers/extint/extint_callback.o
                                                  src/interrupt.o
extint_chan_get_config_defaults                   src/ASF/sam0/drivers/extint/extint_sam_d_r_h/extint.o
                                                  src/interrupt.o
extint_chan_set_config                            src/ASF/sam0/drivers/extint/extint_sam_d_r_h/extint.o
                                                  src/interrupt.o
extint_disable_events                             src/ASF/sam0/drivers/extint/extint_sam_d_r_h/extint.o
extint_enable_events                              src/ASF/sam0/drivers/extint/extint_sam_d_r_h/extint.o
extint_get_current_channel                        src/ASF/sam0/drivers/extint/extint_callback.o
extint_nmi_set_config                             src/ASF/sam0/drivers/extint/extint_sam_d_r_h/extint.o
extint_register_callback                          src/ASF/sam0/drivers/extint/extint_callback.o
                                                  src/interrupt.o
extint_unregister_callback                        src/ASF/sam0/drivers/extint/extint_callback.o
g_interrupt_enabled                               src/ASF/common/utils/interrupt/interrupt_sam_nvic.o
hardware_init_hook                                c:/program files (x86)/atmel/studio/7.0/toolchain/arm/arm-gnu-toolchain/bin/../lib/gcc/arm-none-eabi/6.3.1/../../../../arm-none-eabi/lib/thumb/v6-m/crt0.o
i2c_master_init                                   src/ASF/sam0/drivers/sercom/i2c/i2c_sam0/i2c_master.o
                                                  src/I2C.o
i2c_master_instance                               src/main.o
                                                  src/I2C.o
                                                  src/Master.o
i2c_master_read_byte                              src/ASF/sam0/drivers/sercom/i2c/i2c_sam0/i2c_master.o
i2c_master_read_packet_wait                       src/ASF/sam0/drivers/sercom/i2c/i2c_sam0/i2c_master.o
                                                  src/Master.o
i2c_master_read_packet_wait_no_nack               src/ASF/sam0/drivers/sercom/i2c/i2c_sam0/i2c_master.o
i2c_master_read_packet_wait_no_stop               src/ASF/sam0/drivers/sercom/i2c/i2c_sam0/i2c_master.o
i2c_master_reset                                  src/ASF/sam0/drivers/sercom/i2c/i2c_sam0/i2c_master.o
i2c_master_send_nack                              src/ASF/sam0/drivers/sercom/i2c/i2c_sam0/i2c_master.o
i2c_master_send_stop                              src/ASF/sam0/drivers/sercom/i2c/i2c_sam0/i2c_master.o
i2c_master_write_byte                             src/ASF/sam0/drivers/sercom/i2c/i2c_sam0/i2c_master.o
i2c_master_write_packet_wait                      src/ASF/sam0/drivers/sercom/i2c/i2c_sam0/i2c_master.o
                                                  src/Master.o
i2c_master_write_packet_wait_no_stop              src/ASF/sam0/drivers/sercom/i2c/i2c_sam0/i2c_master.o
i2c_slave_clear_status                            src/ASF/sam0/drivers/sercom/i2c/i2c_sam0/i2c_slave.o
i2c_slave_get_direction_wait                      src/ASF/sam0/drivers/sercom/i2c/i2c_sam0/i2c_slave.o
                                                  src/Master.o
i2c_slave_get_status                              src/ASF/sam0/drivers/sercom/i2c/i2c_sam0/i2c_slave.o
i2c_slave_init                                    src/ASF/sam0/drivers/sercom/i2c/i2c_sam0/i2c_slave.o
                                                  src/I2C.o
i2c_slave_instance                                src/main.o
                                                  src/I2C.o
                                                  src/Slave.o
                                                  src/Master.o
i2c_slave_read_packet_wait                        src/ASF/sam0/drivers/sercom/i2c/i2c_sam0/i2c_slave.o
                                                  src/Slave.o
i2c_slave_reset                                   src/ASF/sam0/drivers/sercom/i2c/i2c_sam0/i2c_slave.o
i2c_slave_write_packet_wait                       src/ASF/sam0/drivers/sercom/i2c/i2c_sam0/i2c_slave.o
                                                  src/Slave.o
init_irq_interrupt                                src/interrupt.o
                                                  src/Master.o
init_irq_pin                                      src/interrupt.o
                                                  src/Master.o
irq_handler                                       src/interrupt.o
link                                              src/ASF/sam0/utils/syscalls/gcc/syscalls.o
main                                              src/main.o
                                                  Device_Startup/startup_samr21.o
                                                  c:/program files (x86)/atmel/studio/7.0/toolchain/arm/arm-gnu-toolchain/bin/../lib/gcc/arm-none-eabi/6.3.1/../../../../arm-none-eabi/lib/thumb/v6-m/crt0.o
master_election                                   src/Master.o
                                                  src/main.o
memset                                            c:/program files (x86)/atmel/studio/7.0/toolchain/arm/arm-gnu-toolchain/bin/../lib/gcc/arm-none-eabi/6.3.1/../../../../arm-none-eabi/lib/thumb/v6-m\libc_nano.a(lib_a-memset.o)
                                                  c:/program files (x86)/atmel/studio/7.0/toolchain/arm/arm-gnu-toolchain/bin/../lib/gcc/arm-none-eabi/6.3.1/../../../../arm-none-eabi/lib/thumb/v6-m/crt0.o
packet_master                                     src/main.o
                                                  src/Master.o
packet_slave                                      src/main.o
                                                  src/Slave.o
port_group_set_config                             src/ASF/sam0/drivers/port/port.o
port_pin_set_config                               src/ASF/sam0/drivers/port/port.o
                                                  src/LED.o
                                                  src/interrupt.o
                                                  src/ASF/sam0/boards/samr21_xplained_pro/board_init.o
read_buffer_master                                src/main.o
                                                  src/Master.o
read_buffer_slave                                 src/main.o
                                                  src/Slave.o
read_master                                       src/Master.o
read_slave                                        src/Slave.o
rtc_count_clear_compare_match                     src/ASF/sam0/drivers/rtc/rtc_sam_d_r_h/rtc_count.o
rtc_count_disable                                 src/ASF/sam0/drivers/rtc/rtc_sam_d_r_h/rtc_count.o
rtc_count_enable                                  src/ASF/sam0/drivers/rtc/rtc_sam_d_r_h/rtc_count.o
rtc_count_frequency_correction                    src/ASF/sam0/drivers/rtc/rtc_sam_d_r_h/rtc_count.o
rtc_count_get_compare                             src/ASF/sam0/drivers/rtc/rtc_sam_d_r_h/rtc_count.o
rtc_count_get_count                               src/ASF/sam0/drivers/rtc/rtc_sam_d_r_h/rtc_count.o
rtc_count_get_period                              src/ASF/sam0/drivers/rtc/rtc_sam_d_r_h/rtc_count.o
rtc_count_init                                    src/ASF/sam0/drivers/rtc/rtc_sam_d_r_h/rtc_count.o
rtc_count_is_compare_match                        src/ASF/sam0/drivers/rtc/rtc_sam_d_r_h/rtc_count.o
rtc_count_reset                                   src/ASF/sam0/drivers/rtc/rtc_sam_d_r_h/rtc_count.o
rtc_count_set_compare                             src/ASF/sam0/drivers/rtc/rtc_sam_d_r_h/rtc_count.o
rtc_count_set_count                               src/ASF/sam0/drivers/rtc/rtc_sam_d_r_h/rtc_count.o
rtc_count_set_period                              src/ASF/sam0/drivers/rtc/rtc_sam_d_r_h/rtc_count.o
send_interrupt                                    src/interrupt.o
                                                  src/main.o
send_master                                       src/Master.o
                                                  src/main.o
sercom_set_gclk_generator                         src/ASF/sam0/drivers/sercom/sercom.o
                                                  src/ASF/sam0/drivers/sercom/i2c/i2c_sam0/i2c_slave.o
                                                  src/ASF/sam0/drivers/sercom/i2c/i2c_sam0/i2c_master.o
software_init_hook                                c:/program files (x86)/atmel/studio/7.0/toolchain/arm/arm-gnu-toolchain/bin/../lib/gcc/arm-none-eabi/6.3.1/../../../../arm-none-eabi/lib/thumb/v6-m/crt0.o
system_board_init                                 src/ASF/sam0/boards/samr21_xplained_pro/board_init.o
system_clock_init                                 src/ASF/sam0/drivers/system/clock/clock_samd21_r21_da_ha1/clock.o
system_clock_source_dfll_set_config               src/ASF/sam0/drivers/system/clock/clock_samd21_r21_da_ha1/clock.o
system_clock_source_disable                       src/ASF/sam0/drivers/system/clock/clock_samd21_r21_da_ha1/clock.o
system_clock_source_dpll_set_config               src/ASF/sam0/drivers/system/clock/clock_samd21_r21_da_ha1/clock.o
system_clock_source_enable                        src/ASF/sam0/drivers/system/clock/clock_samd21_r21_da_ha1/clock.o
system_clock_source_get_hz                        src/ASF/sam0/drivers/system/clock/clock_samd21_r21_da_ha1/clock.o
                                                  src/ASF/sam0/drivers/system/clock/clock_samd21_r21_da_ha1/gclk.o
system_clock_source_is_ready                      src/ASF/sam0/drivers/system/clock/clock_samd21_r21_da_ha1/clock.o
system_clock_source_osc32k_set_config             src/ASF/sam0/drivers/system/clock/clock_samd21_r21_da_ha1/clock.o
system_clock_source_osc8m_set_config              src/ASF/sam0/drivers/system/clock/clock_samd21_r21_da_ha1/clock.o
system_clock_source_write_calibration             src/ASF/sam0/drivers/system/clock/clock_samd21_r21_da_ha1/clock.o
system_clock_source_xosc32k_set_config            src/ASF/sam0/drivers/system/clock/clock_samd21_r21_da_ha1/clock.o
system_clock_source_xosc_set_config               src/ASF/sam0/drivers/system/clock/clock_samd21_r21_da_ha1/clock.o
system_gclk_chan_disable                          src/ASF/sam0/drivers/system/clock/clock_samd21_r21_da_ha1/gclk.o
                                                  src/ASF/sam0/drivers/extint/extint_sam_d_r_h/extint.o
system_gclk_chan_enable                           src/ASF/sam0/drivers/system/clock/clock_samd21_r21_da_ha1/gclk.o
                                                  src/ASF/sam0/drivers/sercom/sercom.o
                                                  src/ASF/sam0/drivers/sercom/i2c/i2c_sam0/i2c_slave.o
                                                  src/ASF/sam0/drivers/sercom/i2c/i2c_sam0/i2c_master.o
                                                  src/ASF/sam0/drivers/rtc/rtc_sam_d_r_h/rtc_count.o
                                                  src/ASF/sam0/drivers/extint/extint_sam_d_r_h/extint.o
system_gclk_chan_get_hz                           src/ASF/sam0/drivers/system/clock/clock_samd21_r21_da_ha1/gclk.o
                                                  src/ASF/sam0/drivers/system/clock/clock_samd21_r21_da_ha1/clock.o
                                                  src/ASF/sam0/drivers/sercom/i2c/i2c_sam0/i2c_master.o
system_gclk_chan_is_enabled                       src/ASF/sam0/drivers/system/clock/clock_samd21_r21_da_ha1/gclk.o
system_gclk_chan_is_locked                        src/ASF/sam0/drivers/system/clock/clock_samd21_r21_da_ha1/gclk.o
system_gclk_chan_lock                             src/ASF/sam0/drivers/system/clock/clock_samd21_r21_da_ha1/gclk.o
system_gclk_chan_set_config                       src/ASF/sam0/drivers/system/clock/clock_samd21_r21_da_ha1/gclk.o
                                                  src/ASF/sam0/drivers/system/clock/clock_samd21_r21_da_ha1/clock.o
                                                  src/ASF/sam0/drivers/sercom/sercom.o
                                                  src/ASF/sam0/drivers/sercom/i2c/i2c_sam0/i2c_slave.o
                                                  src/ASF/sam0/drivers/sercom/i2c/i2c_sam0/i2c_master.o
                                                  src/ASF/sam0/drivers/rtc/rtc_sam_d_r_h/rtc_count.o
                                                  src/ASF/sam0/drivers/extint/extint_sam_d_r_h/extint.o
system_gclk_gen_disable                           src/ASF/sam0/drivers/system/clock/clock_samd21_r21_da_ha1/gclk.o
system_gclk_gen_enable                            src/ASF/sam0/drivers/system/clock/clock_samd21_r21_da_ha1/gclk.o
                                                  src/ASF/sam0/drivers/system/clock/clock_samd21_r21_da_ha1/clock.o
system_gclk_gen_get_hz                            src/ASF/sam0/drivers/system/clock/clock_samd21_r21_da_ha1/gclk.o
                                                  src/ASF/common2/services/delay/sam0/systick_counter.o
system_gclk_gen_is_enabled                        src/ASF/sam0/drivers/system/clock/clock_samd21_r21_da_ha1/gclk.o
system_gclk_gen_set_config                        src/ASF/sam0/drivers/system/clock/clock_samd21_r21_da_ha1/gclk.o
                                                  src/ASF/sam0/drivers/system/clock/clock_samd21_r21_da_ha1/clock.o
system_gclk_init                                  src/ASF/sam0/drivers/system/clock/clock_samd21_r21_da_ha1/gclk.o
                                                  src/ASF/sam0/drivers/system/clock/clock_samd21_r21_da_ha1/clock.o
system_init                                       src/ASF/sam0/drivers/system/system.o
                                                  src/main.o
system_interrupt_clear_pending                    src/ASF/sam0/drivers/system/interrupt/system_interrupt.o
system_interrupt_get_priority                     src/ASF/sam0/drivers/system/interrupt/system_interrupt.o
system_interrupt_is_pending                       src/ASF/sam0/drivers/system/interrupt/system_interrupt.o
system_interrupt_set_pending                      src/ASF/sam0/drivers/system/interrupt/system_interrupt.o
system_interrupt_set_priority                     src/ASF/sam0/drivers/system/interrupt/system_interrupt.o
system_pinmux_group_set_config                    src/ASF/sam0/drivers/system/pinmux/pinmux.o
                                                  src/ASF/sam0/drivers/port/port.o
system_pinmux_group_set_input_sample_mode         src/ASF/sam0/drivers/system/pinmux/pinmux.o
system_pinmux_pin_set_config                      src/ASF/sam0/drivers/system/pinmux/pinmux.o
                                                  src/ASF/sam0/drivers/port/port.o
                                                  src/ASF/sam0/drivers/sercom/i2c/i2c_sam0/i2c_slave.o
                                                  src/ASF/sam0/drivers/sercom/i2c/i2c_sam0/i2c_master.o
                                                  src/ASF/sam0/drivers/extint/extint_sam_d_r_h/extint.o
write_buffer_master                               src/main.o
                                                  src/Master.o
write_buffer_slave                                src/main.o
                                                  src/Slave.o
write_slave                                       src/Slave.o
